Archive member included to satisfy reference by file (symbol)

app/libapp.a(DHT11temphum.c.obj)
                              (--whole-archive)
app/libapp.a(lcd.c.obj)       (--whole-archive)
app/libapp.a(main.c.obj)      (--whole-archive)
zephyr/libzephyr.a(cbprintf.c.obj)
                              (--whole-archive)
zephyr/libzephyr.a(cbprintf_packaged.c.obj)
                              (--whole-archive)
zephyr/libzephyr.a(crc32c_sw.c.obj)
                              (--whole-archive)
zephyr/libzephyr.a(crc32_sw.c.obj)
                              (--whole-archive)
zephyr/libzephyr.a(crc16_sw.c.obj)
                              (--whole-archive)
zephyr/libzephyr.a(crc8_sw.c.obj)
                              (--whole-archive)
zephyr/libzephyr.a(crc7_sw.c.obj)
                              (--whole-archive)
zephyr/libzephyr.a(dec.c.obj)
                              (--whole-archive)
zephyr/libzephyr.a(fdtable.c.obj)
                              (--whole-archive)
zephyr/libzephyr.a(hex.c.obj)
                              (--whole-archive)
zephyr/libzephyr.a(notify.c.obj)
                              (--whole-archive)
zephyr/libzephyr.a(printk.c.obj)
                              (--whole-archive)
zephyr/libzephyr.a(onoff.c.obj)
                              (--whole-archive)
zephyr/libzephyr.a(rb.c.obj)  (--whole-archive)
zephyr/libzephyr.a(sem.c.obj)
                              (--whole-archive)
zephyr/libzephyr.a(thread_entry.c.obj)
                              (--whole-archive)
zephyr/libzephyr.a(timeutil.c.obj)
                              (--whole-archive)
zephyr/libzephyr.a(heap.c.obj)
                              (--whole-archive)
zephyr/libzephyr.a(heap-validate.c.obj)
                              (--whole-archive)
zephyr/libzephyr.a(bitarray.c.obj)
                              (--whole-archive)
zephyr/libzephyr.a(multi_heap.c.obj)
                              (--whole-archive)
zephyr/libzephyr.a(cbprintf_complete.c.obj)
                              (--whole-archive)
zephyr/libzephyr.a(configs.c.obj)
                              (--whole-archive)
zephyr/libzephyr.a(soc.c.obj)
                              (--whole-archive)
zephyr/libzephyr.a(stm32cube_hal.c.obj)
                              (--whole-archive)
zephyr/libzephyr.a(soc_config.c.obj)
                              (--whole-archive)
zephyr/libzephyr.a(tracing_none.c.obj)
                              (--whole-archive)
zephyr/libzephyr.a(pinmux_stm32.c.obj)
                              (--whole-archive)
zephyr/arch/common/libarch__common.a(sw_isr_common.c.obj)
                              (--whole-archive)
zephyr/arch/arch/arm/core/aarch32/libarch__arm__core__aarch32.a(cpu_idle.S.obj)
                              (--whole-archive)
zephyr/arch/arch/arm/core/aarch32/libarch__arm__core__aarch32.a(fatal.c.obj)
                              (--whole-archive)
zephyr/arch/arch/arm/core/aarch32/libarch__arm__core__aarch32.a(irq_manage.c.obj)
                              (--whole-archive)
zephyr/arch/arch/arm/core/aarch32/libarch__arm__core__aarch32.a(nmi.c.obj)
                              (--whole-archive)
zephyr/arch/arch/arm/core/aarch32/libarch__arm__core__aarch32.a(nmi_on_reset.S.obj)
                              (--whole-archive)
zephyr/arch/arch/arm/core/aarch32/libarch__arm__core__aarch32.a(prep_c.c.obj)
                              (--whole-archive)
zephyr/arch/arch/arm/core/aarch32/libarch__arm__core__aarch32.a(swap.c.obj)
                              (--whole-archive)
zephyr/arch/arch/arm/core/aarch32/libarch__arm__core__aarch32.a(swap_helper.S.obj)
                              (--whole-archive)
zephyr/arch/arch/arm/core/aarch32/libarch__arm__core__aarch32.a(thread.c.obj)
                              (--whole-archive)
zephyr/arch/arch/arm/core/aarch32/libarch__arm__core__aarch32.a(isr_wrapper.S.obj)
                              (--whole-archive)
zephyr/arch/arch/arm/core/aarch32/cortex_m/libarch__arm__core__aarch32__cortex_m.a(exc_exit.S.obj)
                              (--whole-archive)
zephyr/arch/arch/arm/core/aarch32/cortex_m/libarch__arm__core__aarch32__cortex_m.a(fault.c.obj)
                              (--whole-archive)
zephyr/arch/arch/arm/core/aarch32/cortex_m/libarch__arm__core__aarch32__cortex_m.a(fault_s.S.obj)
                              (--whole-archive)
zephyr/arch/arch/arm/core/aarch32/cortex_m/libarch__arm__core__aarch32__cortex_m.a(fpu.c.obj)
                              (--whole-archive)
zephyr/arch/arch/arm/core/aarch32/cortex_m/libarch__arm__core__aarch32__cortex_m.a(irq_init.c.obj)
                              (--whole-archive)
zephyr/arch/arch/arm/core/aarch32/cortex_m/libarch__arm__core__aarch32__cortex_m.a(reset.S.obj)
                              (--whole-archive)
zephyr/arch/arch/arm/core/aarch32/cortex_m/libarch__arm__core__aarch32__cortex_m.a(scb.c.obj)
                              (--whole-archive)
[...]
Memory Configuration

Name             Origin             Length             Attributes
FLASH            0x0000000008000000 0x0000000000080000 xr
SRAM             0x0000000020000000 0x0000000000020000 xw
IDT_LIST         0x00000000fffff7ff 0x0000000000000800 xw
*default*        0x0000000000000000 0xffffffffffffffff

Linker script and memory map

LOAD zephyr/CMakeFiles/zephyr_final.dir/misc/empty_file.c.obj
LOAD zephyr/CMakeFiles/zephyr_final.dir/isr_tables.c.obj
LOAD zephyr/CMakeFiles/zephyr_final.dir/dev_handles.c.obj
LOAD zephyr/CMakeFiles/offsets.dir/./arch/arm/core/offsets/offsets.c.obj
                0x0000000000000020                _region_min_align = 0x20

.rel.plt        0x0000000008000000        0x0
 *(SORT_BY_ALIGNMENT(.rel.plt))
                [!provide]                        PROVIDE (__rel_iplt_start = .)
 *(SORT_BY_ALIGNMENT(.rel.iplt))
 .rel.iplt      0x0000000008000000        0x0 zephyr/CMakeFiles/zephyr_final.dir/isr_tables.c.obj
                [!provide]                        PROVIDE (__rel_iplt_end = .)

.rela.plt       0x0000000000000000        0x0
 *(SORT_BY_ALIGNMENT(.rela.plt))
                [!provide]                        PROVIDE (__rela_iplt_start = .)
 *(SORT_BY_ALIGNMENT(.rela.iplt))
                [!provide]                        PROVIDE (__rela_iplt_end = .)

.rel.dyn
 *(SORT_BY_ALIGNMENT(.rel.*))

.rela.dyn
 *(SORT_BY_ALIGNMENT(.rela.*))

/DISCARD/
 *(SORT_BY_ALIGNMENT(.plt))
 *(SORT_BY_ALIGNMENT(.iplt))
 *(SORT_BY_ALIGNMENT(.got.plt))
 *(SORT_BY_ALIGNMENT(.igot.plt))
 *(SORT_BY_ALIGNMENT(.got))
 *(SORT_BY_ALIGNMENT(.igot))
 *(SORT_BY_ALIGNMENT(.irq_info*))
 *(SORT_BY_ALIGNMENT(.intList*))
 *(SORT_BY_ALIGNMENT(.note.GNU-stack))
                0x0000000008000000                __rom_region_start = 0x8000000

rom_start       0x0000000008000000      0x198
                0x0000000000000000                . = 0x0
                0x0000000000000000                . = ALIGN (0x4)
                0x0000000000000000                . = ALIGN (0x80)
                0x0000000000000000                . = ALIGN (0x200)
                0x0000000008000000                _vector_start = .
 *(SORT_BY_ALIGNMENT(.exc_vector_table))
 *(SORT_BY_ALIGNMENT(.exc_vector_table.*))
 .exc_vector_table._vector_table_section
                0x0000000008000000       0x40 zephyr/arch/arch/arm/core/aarch32/cortex_m/libarch__arm__core__aarch32__cortex_m.a(vector_table.S.obj)
                0x0000000008000000                _vector_table
 *(SORT_BY_ALIGNMENT(.gnu.linkonce.irq_vector_table*))
 .gnu.linkonce.irq_vector_table
                0x0000000008000040      0x158 zephyr/CMakeFiles/zephyr_final.dir/isr_tables.c.obj
                0x0000000008000040                _irq_vector_table
 *(SORT_BY_ALIGNMENT(.vectors))
                0x0000000008000198                _vector_end = .

text            0x0000000008000198     0x334a
                0x0000000008000198                __text_region_start = .
 *(SORT_BY_ALIGNMENT(.text))
 .text          0x0000000008000198       0x30 /home/ethan/zephyr-sdk-0.13.1/arm-zephyr-eabi/bin/../lib/gcc/arm-zephyr-eabi/10.3.0/thumb/v7e-m/nofp/libgcc.a(_aeabi_uldivmod.o)
                0x0000000008000198                __aeabi_uldivmod
 .text          0x00000000080001c8        0x4 /home/ethan/zephyr-sdk-0.13.1/arm-zephyr-eabi/bin/../lib/gcc/arm-zephyr-eabi/10.3.0/thumb/v7e-m/nofp/libgcc.a(_dvmd_tls.o)
                0x00000000080001c8                __aeabi_ldiv0
                0x00000000080001c8                __aeabi_idiv0
 .text          0x00000000080001cc      0x2a6 /home/ethan/zephyr-sdk-0.13.1/arm-zephyr-eabi/bin/../lib/gcc/arm-zephyr-eabi/10.3.0/thumb/v7e-m/nofp/libgcc.a(_udivmoddi4.o)
                0x00000000080001cc                __udivmoddi4
 *(SORT_BY_ALIGNMENT(.text.*))
 *fill*         0x0000000008000472        0x2 
 .text.lcdinit  0x0000000008000474       0x98 app/libapp.a(lcd.c.obj)
                0x0000000008000474                lcdinit
 .text.DHTgrab  0x000000000800050c       0x58 app/libapp.a(main.c.obj)
                0x000000000800050c                DHTgrab
 .text.main     0x0000000008000564       0x6c app/libapp.a(main.c.obj)
                0x0000000008000564                main
 .text.char_out
                0x00000000080005d0       0x10 zephyr/libzephyr.a(printk.c.obj)
 .text.__printk_hook_install
                0x00000000080005e0        0xc zephyr/libzephyr.a(printk.c.obj)
                0x00000000080005e0                __printk_hook_install
 .text.vprintk  0x00000000080005ec       0x1c zephyr/libzephyr.a(printk.c.obj)
                0x00000000080005ec                vprintk
 .text.cbvprintf
                0x0000000008000608      0x784 zephyr/libzephyr.a(cbprintf_complete.c.obj)
                0x0000000008000608                cbvprintf
 .text.st_stm32f4_init
                0x0000000008000d8c       0x40 zephyr/libzephyr.a(soc.c.obj)
 .text.stm32_dt_pinctrl_configure
                0x0000000008000dcc       0x78 zephyr/libzephyr.a(pinmux_stm32.c.obj)
                0x0000000008000dcc                stm32_dt_pinctrl_configure
 .text.z_arm_cpu_idle_init
                0x0000000008000e44        0xc zephyr/arch/arch/arm/core/aarch32/libarch__arm__core__aarch32.a(cpu_idle.S.obj)
                0x0000000008000e44                z_arm_cpu_idle_init
 .text.arch_cpu_idle
                0x0000000008000e50       0x1c zephyr/arch/arch/arm/core/aarch32/libarch__arm__core__aarch32.a(cpu_idle.S.obj)
                0x0000000008000e50                arch_cpu_idle
 .text.arch_irq_enable
                0x0000000008000e6c       0x20 zephyr/arch/arch/arm/core/aarch32/libarch__arm__core__aarch32.a(irq_manage.c.obj)
                0x0000000008000e6c                arch_irq_enable
 .text.z_arm_irq_priority_set
                0x0000000008000e8c       0x30 zephyr/arch/arch/arm/core/aarch32/libarch__arm__core__aarch32.a(irq_manage.c.obj)
                0x0000000008000e8c                z_arm_irq_priority_set
 .text.z_SysNmiOnReset
                0x0000000008000ebc        0x8 zephyr/arch/arch/arm/core/aarch32/libarch__arm__core__aarch32.a(nmi_on_reset.S.obj)
                0x0000000008000ebc                z_SysNmiOnReset
 .text.z_arm_prep_c
                0x0000000008000ec4       0x48 zephyr/arch/arch/arm/core/aarch32/libarch__arm__core__aarch32.a(prep_c.c.obj)
                0x0000000008000ec4                z_arm_prep_c
 .text.arch_swap
                0x0000000008000f0c       0x34 zephyr/arch/arch/arm/core/aarch32/libarch__arm__core__aarch32.a(swap.c.obj)
                0x0000000008000f0c                arch_swap
 .text.z_arm_pendsv
                0x0000000008000f40       0x54 zephyr/arch/arch/arm/core/aarch32/libarch__arm__core__aarch32.a(swap_helper.S.obj)
                0x0000000008000f40                z_arm_pendsv
 .text.z_arm_svc
                0x0000000008000f94       0x20 zephyr/arch/arch/arm/core/aarch32/libarch__arm__core__aarch32.a(swap_helper.S.obj)
                0x0000000008000f94                z_arm_svc
 .text.arch_new_thread
                0x0000000008000fb4       0x38 zephyr/arch/arch/arm/core/aarch32/libarch__arm__core__aarch32.a(thread.c.obj)
                0x0000000008000fb4                arch_new_thread
 .text.z_check_thread_stack_fail
                0x0000000008000fec       0x2c zephyr/arch/arch/arm/core/aarch32/libarch__arm__core__aarch32.a(thread.c.obj)
                0x0000000008000fec                z_check_thread_stack_fail
 .text.arch_switch_to_main_thread
                0x0000000008001018       0x2c zephyr/arch/arch/arm/core/aarch32/libarch__arm__core__aarch32.a(thread.c.obj)
                0x0000000008001018                arch_switch_to_main_thread
 .text._isr_wrapper
                0x0000000008001044       0x28 zephyr/arch/arch/arm/core/aarch32/libarch__arm__core__aarch32.a(isr_wrapper.S.obj)
                0x0000000008001044                _isr_wrapper
 .text._HandlerModeExit
                0x000000000800106c       0x1c zephyr/arch/arch/arm/core/aarch32/cortex_m/libarch__arm__core__aarch32__cortex_m.a(exc_exit.S.obj)
                0x000000000800106c                z_arm_exc_exit
                0x000000000800106c                z_arm_int_exit
 .text.mem_manage_fault
                0x0000000008001088       0x6c zephyr/arch/arch/arm/core/aarch32/cortex_m/libarch__arm__core__aarch32__cortex_m.a(fault.c.obj)
 .text.bus_fault.constprop.0
                0x00000000080010f4       0x3c zephyr/arch/arch/arm/core/aarch32/cortex_m/libarch__arm__core__aarch32__cortex_m.a(fault.c.obj)
 .text.z_arm_fault
                0x0000000008001130      0x128 zephyr/arch/arch/arm/core/aarch32/cortex_m/libarch__arm__core__aarch32__cortex_m.a(fault.c.obj)
                0x0000000008001130                z_arm_fault
 .text.z_arm_fault_init
                0x0000000008001258       0x10 zephyr/arch/arch/arm/core/aarch32/cortex_m/libarch__arm__core__aarch32__cortex_m.a(fault.c.obj)
                0x0000000008001258                z_arm_fault_init
 .text.__fault  0x0000000008001268       0x14 zephyr/arch/arch/arm/core/aarch32/cortex_m/libarch__arm__core__aarch32__cortex_m.a(fault_s.S.obj)
                0x0000000008001268                z_arm_bus_fault
                0x0000000008001268                z_arm_usage_fault
                0x0000000008001268                z_arm_mpu_fault
                0x0000000008001268                z_arm_exc_spurious
                0x0000000008001268                z_arm_debug_monitor
                0x0000000008001268                z_arm_hard_fault
 .text.z_arm_interrupt_init
                0x000000000800127c       0x18 zephyr/arch/arch/arm/core/aarch32/cortex_m/libarch__arm__core__aarch32__cortex_m.a(irq_init.c.obj)
                0x000000000800127c                z_arm_interrupt_init
 .text._reset_section
                0x0000000008001294       0x2c zephyr/arch/arch/arm/core/aarch32/cortex_m/libarch__arm__core__aarch32__cortex_m.a(reset.S.obj)
                0x0000000008001294                z_arm_reset
                0x0000000008001294                __start
 .text.z_impl_k_thread_abort
                0x00000000080012c0       0x24 zephyr/arch/arch/arm/core/aarch32/cortex_m/libarch__arm__core__aarch32__cortex_m.a(thread_abort.c.obj)
                0x00000000080012c0                z_impl_k_thread_abort
 .text.z_arm_configure_static_mpu_regions
                0x00000000080012e4       0x18 zephyr/arch/arch/arm/core/aarch32/mpu/libarch__arm__core__aarch32__mpu.a(arm_core_mpu.c.obj)
                0x00000000080012e4                z_arm_configure_static_mpu_regions
 .text.z_arm_configure_dynamic_mpu_regions
                0x00000000080012fc       0x20 zephyr/arch/arch/arm/core/aarch32/mpu/libarch__arm__core__aarch32__mpu.a(arm_core_mpu.c.obj)
                0x00000000080012fc                z_arm_configure_dynamic_mpu_regions
 .text.mpu_configure_regions
                0x000000000800131c       0x84 zephyr/arch/arch/arm/core/aarch32/mpu/libarch__arm__core__aarch32__mpu.a(arm_mpu.c.obj)
 .text.arm_core_mpu_enable
                0x00000000080013a0       0x18 zephyr/arch/arch/arm/core/aarch32/mpu/libarch__arm__core__aarch32__mpu.a(arm_mpu.c.obj)
                0x00000000080013a0                arm_core_mpu_enable
 .text.arm_core_mpu_disable
                0x00000000080013b8       0x14 zephyr/arch/arch/arm/core/aarch32/mpu/libarch__arm__core__aarch32__mpu.a(arm_mpu.c.obj)
                0x00000000080013b8                arm_core_mpu_disable
 .text.arm_core_mpu_configure_static_mpu_regions
                0x00000000080013cc       0x14 zephyr/arch/arch/arm/core/aarch32/mpu/libarch__arm__core__aarch32__mpu.a(arm_mpu.c.obj)
                0x00000000080013cc                arm_core_mpu_configure_static_mpu_regions
 .text.arm_core_mpu_configure_dynamic_mpu_regions
                0x00000000080013e0       0x30 zephyr/arch/arch/arm/core/aarch32/mpu/libarch__arm__core__aarch32__mpu.a(arm_mpu.c.obj)
                0x00000000080013e0                arm_core_mpu_configure_dynamic_mpu_regions
 .text.z_arm_mpu_init
                0x0000000008001410       0x60 zephyr/arch/arch/arm/core/aarch32/mpu/libarch__arm__core__aarch32__mpu.a(arm_mpu.c.obj)
                0x0000000008001410                z_arm_mpu_init
 .text.__stdout_hook_install
                0x0000000008001470        0xc zephyr/lib/libc/minimal/liblib__libc__minimal.a(stdout_console.c.obj)
                0x0000000008001470                __stdout_hook_install
 .text.__stm32_exti_isr.isra.0
                0x000000000800147c       0x40 zephyr/drivers/interrupt_controller/libdrivers__interrupt_controller.a(intc_exti_stm32.c.obj)
 .text.stm32_exti_enable
                0x00000000080014bc       0x1c zephyr/drivers/interrupt_controller/libdrivers__interrupt_controller.a(intc_exti_stm32.c.obj)
                0x00000000080014bc                stm32_exti_enable
 .text.stm32_exti_disable
                0x00000000080014d8       0x1c zephyr/drivers/interrupt_controller/libdrivers__interrupt_controller.a(intc_exti_stm32.c.obj)
                0x00000000080014d8                stm32_exti_disable
 .text.stm32_exti_trigger
                0x00000000080014f4       0x68 zephyr/drivers/interrupt_controller/libdrivers__interrupt_controller.a(intc_exti_stm32.c.obj)
                0x00000000080014f4                stm32_exti_trigger
 .text.stm32_exti_set_callback
                0x000000000800155c       0x24 zephyr/drivers/interrupt_controller/libdrivers__interrupt_controller.a(intc_exti_stm32.c.obj)
                0x000000000800155c                stm32_exti_set_callback
 .text.stm32_exti_unset_callback
                0x0000000008001580       0x14 zephyr/drivers/interrupt_controller/libdrivers__interrupt_controller.a(intc_exti_stm32.c.obj)
                0x0000000008001580                stm32_exti_unset_callback
 .text.stm32_clock_control_on
                0x0000000008001594       0x70 zephyr/drivers/clock_control/libdrivers__clock_control.a(clock_stm32_ll_common.c.obj)
 .text.stm32_clock_control_off
                0x0000000008001604       0x54 zephyr/drivers/clock_control/libdrivers__clock_control.a(clock_stm32_ll_common.c.obj)
 .text.stm32_clock_control_get_subsys_rate
                0x0000000008001658       0x28 zephyr/drivers/clock_control/libdrivers__clock_control.a(clock_stm32_ll_common.c.obj)
 .text.stm32_clock_control_init
                0x0000000008001680       0x84 zephyr/drivers/clock_control/libdrivers__clock_control.a(clock_stm32_ll_common.c.obj)
                0x0000000008001680                stm32_clock_control_init
 .text.config_enable_default_clocks
                0x0000000008001704       0x20 zephyr/drivers/clock_control/libdrivers__clock_control.a(clock_stm32f2_f4_f7.c.obj)
                0x0000000008001704                config_enable_default_clocks
 .text.uart_console_init
                0x0000000008001724       0x30 zephyr/drivers/console/libdrivers__console.a(uart_console.c.obj)
 .text.console_out
                0x0000000008001754       0x28 zephyr/drivers/console/libdrivers__console.a(uart_console.c.obj)
 .text.clock_control_on.constprop.0
                0x000000000800177c       0x28 zephyr/drivers/gpio/libdrivers__gpio.a(gpio_stm32.c.obj)
 .text.gpio_stm32_pin_interrupt_configure
                0x00000000080017a4      0x100 zephyr/drivers/gpio/libdrivers__gpio.a(gpio_stm32.c.obj)
 .text.gpio_stm32_clock_request
                0x00000000080018a4       0x34 zephyr/drivers/gpio/libdrivers__gpio.a(gpio_stm32.c.obj)
                0x00000000080018a4                gpio_stm32_clock_request
 .text.uart_stm32_irq_err_enable
                0x00000000080018d8       0x58 zephyr/drivers/serial/libdrivers__serial.a(uart_stm32.c.obj)
 .text.uart_stm32_irq_err_disable
                0x0000000008001930       0x58 zephyr/drivers/serial/libdrivers__serial.a(uart_stm32.c.obj)
 .text.uart_stm32_init
                0x0000000008001988       0xc8 zephyr/drivers/serial/libdrivers__serial.a(uart_stm32.c.obj)
 .text.uart_stm32_configure
                0x0000000008001a50      0x128 zephyr/drivers/serial/libdrivers__serial.a(uart_stm32.c.obj)
 .text.elapsed  0x0000000008001b78       0x3c zephyr/drivers/timer/libdrivers__timer.a(cortex_m_systick.c.obj)
 .text.sys_clock_isr
                0x0000000008001bb4       0x44 zephyr/drivers/timer/libdrivers__timer.a(cortex_m_systick.c.obj)
                0x0000000008001bb4                sys_clock_isr
 .text.sys_clock_driver_init
                0x0000000008001bf8       0x34 zephyr/drivers/timer/libdrivers__timer.a(cortex_m_systick.c.obj)
                0x0000000008001bf8                sys_clock_driver_init
 .text.sys_clock_set_timeout
                0x0000000008001c2c       0xe0 zephyr/drivers/timer/libdrivers__timer.a(cortex_m_systick.c.obj)
                0x0000000008001c2c                sys_clock_set_timeout
 .text.sys_clock_elapsed
                0x0000000008001d0c       0x3c zephyr/drivers/timer/libdrivers__timer.a(cortex_m_systick.c.obj)
                0x0000000008001d0c                sys_clock_elapsed
 .text.UTILS_PLL_IsBusy
                0x0000000008001d48       0x1c modules/stm32/stm32cube/lib..__modules__hal__stm32__stm32cube.a(stm32f4xx_ll_utils.c.obj)
 .text.LL_SetFlashLatency
                0x0000000008001d64       0xc4 modules/stm32/stm32cube/lib..__modules__hal__stm32__stm32cube.a(stm32f4xx_ll_utils.c.obj)
                0x0000000008001d64                LL_SetFlashLatency
 .text.UTILS_EnablePLLAndSwitchSystem
                0x0000000008001e28       0x94 modules/stm32/stm32cube/lib..__modules__hal__stm32__stm32cube.a(stm32f4xx_ll_utils.c.obj)
 .text.LL_PLL_ConfigSystemClock_HSE
                0x0000000008001ebc       0x8c modules/stm32/stm32cube/lib..__modules__hal__stm32__stm32cube.a(stm32f4xx_ll_utils.c.obj)
                0x0000000008001ebc                LL_PLL_ConfigSystemClock_HSE
 .text.z_sys_init_run_level
                0x0000000008001f48       0x40 zephyr/kernel/libkernel.a(device.c.obj)
                0x0000000008001f48                z_sys_init_run_level
 .text.z_impl_device_get_binding
                0x0000000008001f88       0x54 zephyr/kernel/libkernel.a(device.c.obj)
                0x0000000008001f88                z_impl_device_get_binding
 .text.init_idle_thread
                0x0000000008001fdc       0x58 zephyr/kernel/libkernel.a(init.c.obj)
 .text.bg_thread_main
                0x0000000008002034       0x34 zephyr/kernel/libkernel.a(init.c.obj)
 .text.z_bss_zero
                0x0000000008002068       0x14 zephyr/kernel/libkernel.a(init.c.obj)
                0x0000000008002068                z_bss_zero
 .text.z_cstart
                0x000000000800207c       0xe0 zephyr/kernel/libkernel.a(init.c.obj)
                0x000000000800207c                z_cstart
 .text.z_setup_new_thread
                0x000000000800215c       0x64 zephyr/kernel/libkernel.a(thread.c.obj)
                0x000000000800215c                z_setup_new_thread
 .text.z_init_static_threads
                0x00000000080021c0       0x98 zephyr/kernel/libkernel.a(thread.c.obj)
                0x00000000080021c0                z_init_static_threads
 .text.z_reset_time_slice
                0x0000000008002258       0x2c zephyr/kernel/libkernel.a(sched.c.obj)
                0x0000000008002258                z_reset_time_slice
 .text.k_sched_time_slice_set
                0x0000000008002284       0x50 zephyr/kernel/libkernel.a(sched.c.obj)
                0x0000000008002284                k_sched_time_slice_set
 .text.z_reschedule
                0x00000000080022d4       0x24 zephyr/kernel/libkernel.a(sched.c.obj)
                0x00000000080022d4                z_reschedule
 .text.k_sched_lock
                0x00000000080022f8       0x28 zephyr/kernel/libkernel.a(sched.c.obj)
                0x00000000080022f8                k_sched_lock
 .text.update_cache
                0x0000000008002320       0x40 zephyr/kernel/libkernel.a(sched.c.obj)
 .text.move_thread_to_end_of_prio_q
                0x0000000008002360       0x74 zephyr/kernel/libkernel.a(sched.c.obj)
 .text.z_time_slice
                0x00000000080023d4       0x80 zephyr/kernel/libkernel.a(sched.c.obj)
                0x00000000080023d4                z_time_slice
 .text.ready_thread
                0x0000000008002454       0x6c zephyr/kernel/libkernel.a(sched.c.obj)
 .text.z_sched_start
                0x00000000080024c0       0x3c zephyr/kernel/libkernel.a(sched.c.obj)
                0x00000000080024c0                z_sched_start
 .text.unready_thread
                0x00000000080024fc       0x30 zephyr/kernel/libkernel.a(sched.c.obj)
 .text.z_impl_k_thread_suspend
                0x000000000800252c       0x64 zephyr/kernel/libkernel.a(sched.c.obj)
                0x000000000800252c                z_impl_k_thread_suspend
 .text.k_sched_unlock
                0x0000000008002590       0x38 zephyr/kernel/libkernel.a(sched.c.obj)
                0x0000000008002590                k_sched_unlock
 .text.z_sched_init
                0x00000000080025c8       0x18 zephyr/kernel/libkernel.a(sched.c.obj)
                0x00000000080025c8                z_sched_init
 .text.z_impl_k_yield
                0x00000000080025e0       0x80 zephyr/kernel/libkernel.a(sched.c.obj)
                0x00000000080025e0                z_impl_k_yield
 .text.z_tick_sleep
                0x0000000008002660       0x90 zephyr/kernel/libkernel.a(sched.c.obj)
 .text.z_impl_k_sleep
                0x00000000080026f0       0x30 zephyr/kernel/libkernel.a(sched.c.obj)
                0x00000000080026f0                z_impl_k_sleep
 .text.z_impl_z_current_get
                0x0000000008002720        0xc zephyr/kernel/libkernel.a(sched.c.obj)
                0x0000000008002720                z_impl_z_current_get
 .text.z_thread_abort
                0x000000000800272c       0xa4 zephyr/kernel/libkernel.a(sched.c.obj)
                0x000000000800272c                z_thread_abort
 .text.z_data_copy
                0x00000000080027d0       0x34 zephyr/kernel/libkernel.a(xip.c.obj)
                0x00000000080027d0                z_data_copy
 .text.elapsed  0x0000000008002804       0x14 zephyr/kernel/libkernel.a(timeout.c.obj)
 .text.next_timeout
                0x0000000008002818       0x50 zephyr/kernel/libkernel.a(timeout.c.obj)
 .text.remove_timeout
                0x0000000008002868       0x34 zephyr/kernel/libkernel.a(timeout.c.obj)
 .text.z_add_timeout
                0x000000000800289c       0xf4 zephyr/kernel/libkernel.a(timeout.c.obj)
                0x000000000800289c                z_add_timeout
 .text.sys_clock_announce
                0x0000000008002990       0xb8 zephyr/kernel/libkernel.a(timeout.c.obj)
                0x0000000008002990                sys_clock_announce
 .text.sys_clock_tick_get
                0x0000000008002a48       0x30 zephyr/kernel/libkernel.a(timeout.c.obj)
                0x0000000008002a48                sys_clock_tick_get
 .text.boot_banner
                0x0000000008002a78       0x18 zephyr/kernel/libkernel.a(banner.c.obj)
                0x0000000008002a78                boot_banner
 .text._OffsetAbsSyms
                0x0000000008002a90        0x2 zephyr/CMakeFiles/offsets.dir/./arch/arm/core/offsets/offsets.c.obj
                0x0000000008002a90                _OffsetAbsSyms
 .text.gpio_pin_set.isra.0
                0x0000000008002a92       0x20 app/libapp.a(lcd.c.obj)
 .text.k_msleep.isra.0
                0x0000000008002ab2        0xa app/libapp.a(lcd.c.obj)
 .text.datamode
                0x0000000008002abc        0x8 app/libapp.a(lcd.c.obj)
                0x0000000008002abc                datamode
 .text.commandmode
                0x0000000008002ac4        0x8 app/libapp.a(lcd.c.obj)
                0x0000000008002ac4                commandmode
 .text.epulse   0x0000000008002acc       0x20 app/libapp.a(lcd.c.obj)
                0x0000000008002acc                epulse
 .text.lcdinitwrite
                0x0000000008002aec       0x42 app/libapp.a(lcd.c.obj)
                0x0000000008002aec                lcdinitwrite
 .text.lcdbytewrite
                0x0000000008002b2e       0x74 app/libapp.a(lcd.c.obj)
                0x0000000008002b2e                lcdbytewrite
 .text.lcdcmdwrite
                0x0000000008002ba2       0x16 app/libapp.a(lcd.c.obj)
                0x0000000008002ba2                lcdcmdwrite
 .text.lcddatawrite
                0x0000000008002bb8       0x16 app/libapp.a(lcd.c.obj)
                0x0000000008002bb8                lcddatawrite
 .text.lcdcursorposition
                0x0000000008002bce       0x1a app/libapp.a(lcd.c.obj)
                0x0000000008002bce                lcdcursorposition
 .text.arch_printk_char_out
                0x0000000008002be8        0x4 zephyr/libzephyr.a(printk.c.obj)
                0x0000000008002be8                arch_printk_char_out
 .text.printk   0x0000000008002bec       0x1a zephyr/libzephyr.a(printk.c.obj)
                0x0000000008002bec                printk
 .text.z_thread_entry
                0x0000000008002c06       0x14 zephyr/libzephyr.a(thread_entry.c.obj)
                0x0000000008002c06                z_thread_entry
 .text.encode_uint
                0x0000000008002c1a       0x8c zephyr/libzephyr.a(cbprintf_complete.c.obj)
 .text.outs     0x0000000008002ca6       0x2c zephyr/libzephyr.a(cbprintf_complete.c.obj)
 .text._ConfigAbsSyms
                0x0000000008002cd2        0x2 zephyr/libzephyr.a(configs.c.obj)
                0x0000000008002cd2                _ConfigAbsSyms
 .text.st_stm32_common_config
                0x0000000008002cd4        0x4 zephyr/libzephyr.a(soc_config.c.obj)
 .text.z_arm_fatal_error
                0x0000000008002cd8        0x4 zephyr/arch/arch/arm/core/aarch32/libarch__arm__core__aarch32.a(fatal.c.obj)
                0x0000000008002cd8                z_arm_fatal_error
 .text.z_do_kernel_oops
                0x0000000008002cdc        0x8 zephyr/arch/arch/arm/core/aarch32/libarch__arm__core__aarch32.a(fatal.c.obj)
                0x0000000008002cdc                z_do_kernel_oops
 .text.z_irq_spurious
                0x0000000008002ce4        0x8 zephyr/arch/arch/arm/core/aarch32/libarch__arm__core__aarch32.a(irq_manage.c.obj)
                0x0000000008002ce4                z_irq_spurious
 .text.z_arm_nmi
                0x0000000008002cec        0xe zephyr/arch/arch/arm/core/aarch32/libarch__arm__core__aarch32.a(nmi.c.obj)
                0x0000000008002cec                z_arm_nmi
 .text.strlen   0x0000000008002cfa        0xe zephyr/lib/libc/minimal/liblib__libc__minimal.a(string.c.obj)
                0x0000000008002cfa                strlen
 .text.strnlen  0x0000000008002d08       0x12 zephyr/lib/libc/minimal/liblib__libc__minimal.a(string.c.obj)
                0x0000000008002d08                strnlen
 .text.strcmp   0x0000000008002d1a       0x18 zephyr/lib/libc/minimal/liblib__libc__minimal.a(string.c.obj)
                0x0000000008002d1a                strcmp
 .text.memcpy   0x0000000008002d32       0x16 zephyr/lib/libc/minimal/liblib__libc__minimal.a(string.c.obj)
                0x0000000008002d32                memcpy
 .text.memset   0x0000000008002d48       0x12 zephyr/lib/libc/minimal/liblib__libc__minimal.a(string.c.obj)
                0x0000000008002d48                memset
 .text._stdout_hook_default
                0x0000000008002d5a        0x6 zephyr/lib/libc/minimal/liblib__libc__minimal.a(stdout_console.c.obj)
 .text.stm32_exti_init
                0x0000000008002d60       0x74 zephyr/drivers/interrupt_controller/libdrivers__interrupt_controller.a(intc_exti_stm32.c.obj)
 .text.__stm32_exti_isr_22
                0x0000000008002dd4        0xa zephyr/drivers/interrupt_controller/libdrivers__interrupt_controller.a(intc_exti_stm32.c.obj)
 .text.__stm32_exti_isr_21
                0x0000000008002dde        0xa zephyr/drivers/interrupt_controller/libdrivers__interrupt_controller.a(intc_exti_stm32.c.obj)
 .text.__stm32_exti_isr_18
                0x0000000008002de8        0xa zephyr/drivers/interrupt_controller/libdrivers__interrupt_controller.a(intc_exti_stm32.c.obj)
 .text.__stm32_exti_isr_16
                0x0000000008002df2        0xa zephyr/drivers/interrupt_controller/libdrivers__interrupt_controller.a(intc_exti_stm32.c.obj)
 .text.__stm32_exti_isr_15_10
                0x0000000008002dfc        0xa zephyr/drivers/interrupt_controller/libdrivers__interrupt_controller.a(intc_exti_stm32.c.obj)
 .text.__stm32_exti_isr_9_5
                0x0000000008002e06        0xa zephyr/drivers/interrupt_controller/libdrivers__interrupt_controller.a(intc_exti_stm32.c.obj)
 .text.__stm32_exti_isr_4
                0x0000000008002e10        0xa zephyr/drivers/interrupt_controller/libdrivers__interrupt_controller.a(intc_exti_stm32.c.obj)
 .text.__stm32_exti_isr_3
                0x0000000008002e1a        0xa zephyr/drivers/interrupt_controller/libdrivers__interrupt_controller.a(intc_exti_stm32.c.obj)
 .text.__stm32_exti_isr_2
                0x0000000008002e24        0xa zephyr/drivers/interrupt_controller/libdrivers__interrupt_controller.a(intc_exti_stm32.c.obj)
 .text.__stm32_exti_isr_1
                0x0000000008002e2e        0xa zephyr/drivers/interrupt_controller/libdrivers__interrupt_controller.a(intc_exti_stm32.c.obj)
 .text.__stm32_exti_isr_0
                0x0000000008002e38        0xa zephyr/drivers/interrupt_controller/libdrivers__interrupt_controller.a(intc_exti_stm32.c.obj)
 .text.config_pll_init
                0x0000000008002e42        0xe zephyr/drivers/clock_control/libdrivers__clock_control.a(clock_stm32f2_f4_f7.c.obj)
                0x0000000008002e42                config_pll_init
 .text.LL_RCC_MSI_Disable
                0x0000000008002e50        0x2 zephyr/drivers/clock_control/libdrivers__clock_control.a(clock_stm32f2_f4_f7.c.obj)
                0x0000000008002e50                LL_RCC_MSI_Disable
 .text.gpio_stm32_port_get_raw
                0x0000000008002e52        0xc zephyr/drivers/gpio/libdrivers__gpio.a(gpio_stm32.c.obj)
 .text.gpio_stm32_port_set_masked_raw
                0x0000000008002e5e       0x12 zephyr/drivers/gpio/libdrivers__gpio.a(gpio_stm32.c.obj)
 .text.gpio_stm32_port_set_bits_raw
                0x0000000008002e70        0xa zephyr/drivers/gpio/libdrivers__gpio.a(gpio_stm32.c.obj)
 .text.gpio_stm32_port_clear_bits_raw
                0x0000000008002e7a        0xc zephyr/drivers/gpio/libdrivers__gpio.a(gpio_stm32.c.obj)
 .text.gpio_stm32_port_toggle_bits
                0x0000000008002e86        0xe zephyr/drivers/gpio/libdrivers__gpio.a(gpio_stm32.c.obj)
 .text.gpio_stm32_manage_callback
                0x0000000008002e94       0x54 zephyr/drivers/gpio/libdrivers__gpio.a(gpio_stm32.c.obj)
 .text.gpio_stm32_isr
                0x0000000008002ee8       0x26 zephyr/drivers/gpio/libdrivers__gpio.a(gpio_stm32.c.obj)
 .text.gpio_stm32_configure
                0x0000000008002f0e      0x106 zephyr/drivers/gpio/libdrivers__gpio.a(gpio_stm32.c.obj)
                0x0000000008002f0e                gpio_stm32_configure
 .text.gpio_stm32_config
                0x0000000008003014       0x7c zephyr/drivers/gpio/libdrivers__gpio.a(gpio_stm32.c.obj)
 .text.gpio_stm32_init
                0x0000000008003090        0xa zephyr/drivers/gpio/libdrivers__gpio.a(gpio_stm32.c.obj)
 .text.LL_USART_ClearFlag_PE
                0x000000000800309a       0x12 zephyr/drivers/serial/libdrivers__serial.a(uart_stm32.c.obj)
 .text.uart_stm32_poll_in
                0x00000000080030ac       0x22 zephyr/drivers/serial/libdrivers__serial.a(uart_stm32.c.obj)
 .text.uart_stm32_poll_out
                0x00000000080030ce        0xe zephyr/drivers/serial/libdrivers__serial.a(uart_stm32.c.obj)
 .text.uart_stm32_err_check
                0x00000000080030dc       0x40 zephyr/drivers/serial/libdrivers__serial.a(uart_stm32.c.obj)
 .text.uart_stm32_fifo_fill
                0x000000000800311c       0x22 zephyr/drivers/serial/libdrivers__serial.a(uart_stm32.c.obj)
 .text.uart_stm32_fifo_read
                0x000000000800313e       0x2c zephyr/drivers/serial/libdrivers__serial.a(uart_stm32.c.obj)
 .text.uart_stm32_irq_tx_enable
                0x000000000800316a       0x1e zephyr/drivers/serial/libdrivers__serial.a(uart_stm32.c.obj)
 .text.uart_stm32_irq_tx_disable
                0x0000000008003188       0x1e zephyr/drivers/serial/libdrivers__serial.a(uart_stm32.c.obj)
 .text.uart_stm32_irq_tx_ready
                0x00000000080031a6       0x14 zephyr/drivers/serial/libdrivers__serial.a(uart_stm32.c.obj)
 .text.uart_stm32_irq_tx_complete
                0x00000000080031ba        0xc zephyr/drivers/serial/libdrivers__serial.a(uart_stm32.c.obj)
 .text.uart_stm32_irq_rx_enable
                0x00000000080031c6       0x1e zephyr/drivers/serial/libdrivers__serial.a(uart_stm32.c.obj)
 .text.uart_stm32_irq_rx_disable
                0x00000000080031e4       0x1e zephyr/drivers/serial/libdrivers__serial.a(uart_stm32.c.obj)
 .text.uart_stm32_irq_rx_ready
                0x0000000008003202        0xc zephyr/drivers/serial/libdrivers__serial.a(uart_stm32.c.obj)
 .text.uart_stm32_irq_is_pending
                0x000000000800320e       0x24 zephyr/drivers/serial/libdrivers__serial.a(uart_stm32.c.obj)
 .text.uart_stm32_irq_update
                0x0000000008003232        0x4 zephyr/drivers/serial/libdrivers__serial.a(uart_stm32.c.obj)
 .text.uart_stm32_irq_callback_set
                0x0000000008003236        0x8 zephyr/drivers/serial/libdrivers__serial.a(uart_stm32.c.obj)
 .text.uart_stm32_isr
                0x000000000800323e        0xc zephyr/drivers/serial/libdrivers__serial.a(uart_stm32.c.obj)
 .text.uart_stm32_irq_config_func_0
                0x000000000800324a       0x16 zephyr/drivers/serial/libdrivers__serial.a(uart_stm32.c.obj)
 .text.uart_stm32_set_baudrate
                0x0000000008003260       0x5e zephyr/drivers/serial/libdrivers__serial.a(uart_stm32.c.obj)
 .text.uart_stm32_config_get
                0x00000000080032be       0x80 zephyr/drivers/serial/libdrivers__serial.a(uart_stm32.c.obj)
 .text.z_device_state_init
                0x000000000800333e        0x2 zephyr/kernel/libkernel.a(device.c.obj)
                0x000000000800333e                z_device_state_init
 .text.z_device_ready
                0x0000000008003340       0x14 zephyr/kernel/libkernel.a(device.c.obj)
                0x0000000008003340                z_device_ready
 .text.arch_system_halt
                0x0000000008003354       0x12 zephyr/kernel/libkernel.a(fatal.c.obj)
                0x0000000008003354                arch_system_halt
 .text.k_sys_fatal_error_handler
                0x0000000008003366        0x6 zephyr/kernel/libkernel.a(fatal.c.obj)
                0x0000000008003366                k_sys_fatal_error_handler
 .text.z_fatal_error
                0x000000000800336c       0x36 zephyr/kernel/libkernel.a(fatal.c.obj)
                0x000000000800336c                z_fatal_error
 .text.idle     0x00000000080033a2       0x18 zephyr/kernel/libkernel.a(idle.c.obj)
                0x00000000080033a2                idle
 .text.sys_dlist_remove
                0x00000000080033ba       0x10 zephyr/kernel/libkernel.a(sched.c.obj)
 .text.unpend_thread_no_timeout
                0x00000000080033ca       0x14 zephyr/kernel/libkernel.a(sched.c.obj)
 .text.z_reschedule_irqlock
                0x00000000080033de       0x18 zephyr/kernel/libkernel.a(sched.c.obj)
                0x00000000080033de                z_reschedule_irqlock
 .text.z_reschedule_unlocked
                0x00000000080033f6       0x14 zephyr/kernel/libkernel.a(sched.c.obj)
 .text.z_priq_dumb_best
                0x000000000800340a        0xc zephyr/kernel/libkernel.a(sched.c.obj)
                0x000000000800340a                z_priq_dumb_best
 .text.z_ready_thread
                0x0000000008003416       0x20 zephyr/kernel/libkernel.a(sched.c.obj)
                0x0000000008003416                z_ready_thread
 .text.z_thread_timeout
                0x0000000008003436       0x44 zephyr/kernel/libkernel.a(sched.c.obj)
                0x0000000008003436                z_thread_timeout
 .text.z_abort_timeout
                0x000000000800347a       0x2c zephyr/kernel/libkernel.a(timeout.c.obj)
                0x000000000800347a                z_abort_timeout
 .text.z_set_timeout_expiry
                0x00000000080034a6       0x34 zephyr/kernel/libkernel.a(timeout.c.obj)
                0x00000000080034a6                z_set_timeout_expiry
 .text.sys_clock_tick_get_32
                0x00000000080034da        0x8 zephyr/kernel/libkernel.a(timeout.c.obj)
                0x00000000080034da                sys_clock_tick_get_32
 *(SORT_BY_ALIGNMENT(.TEXT.*))
 *(SORT_BY_ALIGNMENT(.gnu.linkonce.t.*))
 *(SORT_BY_ALIGNMENT(.glue_7t))
 .glue_7t       0x00000000080034e2        0x0 linker stubs
 *(SORT_BY_ALIGNMENT(.glue_7))
 .glue_7        0x00000000080034e2        0x0 linker stubs
 *(SORT_BY_ALIGNMENT(.vfp11_veneer))
 .vfp11_veneer  0x00000000080034e2        0x0 linker stubs
 *(SORT_BY_ALIGNMENT(.v4_bx))
 .v4_bx         0x00000000080034e2        0x0 linker stubs
                0x00000000080034e2                __text_region_end = .

.ARM.exidx      0x00000000080034e4        0x8
                0x00000000080034e4                __exidx_start = .
 *(SORT_BY_ALIGNMENT(.ARM.exidx*) SORT_BY_ALIGNMENT(gnu.linkonce.armexidx.*))
 .ARM.exidx     0x00000000080034e4        0x8 /home/ethan/zephyr-sdk-0.13.1/arm-zephyr-eabi/bin/../lib/gcc/arm-zephyr-eabi/10.3.0/thumb/v7e-m/nofp/libgcc.a(_udivmoddi4.o)
                0x00000000080034ec                __exidx_end = .
                0x00000000080034ec                __rodata_region_start = .

initlevel       0x00000000080034ec       0x78
                0x00000000080034ec                __init_start = .
                0x00000000080034ec                __init_PRE_KERNEL_1_start = .
 *(SORT_BY_NAME(SORT_BY_ALIGNMENT(.z_init_PRE_KERNEL_1[0-9]_*)))
 .z_init_PRE_KERNEL_10_
                0x00000000080034ec        0x8 zephyr/libzephyr.a(soc.c.obj)
 .z_init_PRE_KERNEL_11_
                0x00000000080034f4        0x8 zephyr/libzephyr.a(soc_config.c.obj)
 .z_init_PRE_KERNEL_11_
                0x00000000080034fc        0x8 zephyr/drivers/clock_control/libdrivers__clock_control.a(clock_stm32_ll_common.c.obj)
 *(SORT_BY_NAME(SORT_BY_ALIGNMENT(.z_init_PRE_KERNEL_1[1-9][0-9]_*)))
 .z_init_PRE_KERNEL_140_
                0x0000000008003504       0x40 zephyr/drivers/gpio/libdrivers__gpio.a(gpio_stm32.c.obj)
 .z_init_PRE_KERNEL_150_
                0x0000000008003544        0x8 zephyr/drivers/interrupt_controller/libdrivers__interrupt_controller.a(intc_exti_stm32.c.obj)
 .z_init_PRE_KERNEL_155_
                0x000000000800354c        0x8 zephyr/drivers/serial/libdrivers__serial.a(uart_stm32.c.obj)
 .z_init_PRE_KERNEL_160_
                0x0000000008003554        0x8 zephyr/drivers/console/libdrivers__console.a(uart_console.c.obj)
                0x000000000800355c                __init_PRE_KERNEL_2_start = .
 *(SORT_BY_NAME(SORT_BY_ALIGNMENT(.z_init_PRE_KERNEL_2[0-9]_*)))
 .z_init_PRE_KERNEL_20_
                0x000000000800355c        0x8 zephyr/drivers/timer/libdrivers__timer.a(sys_clock_init.c.obj)
 *(SORT_BY_NAME(SORT_BY_ALIGNMENT(.z_init_PRE_KERNEL_2[1-9][0-9]_*)))
                0x0000000008003564                __init_POST_KERNEL_start = .
 *(SORT_BY_NAME(SORT_BY_ALIGNMENT(.z_init_POST_KERNEL[0-9]_*)))
 *(SORT_BY_NAME(SORT_BY_ALIGNMENT(.z_init_POST_KERNEL[1-9][0-9]_*)))
                0x0000000008003564                __init_APPLICATION_start = .
 *(SORT_BY_NAME(SORT_BY_ALIGNMENT(.z_init_APPLICATION[0-9]_*)))
 *(SORT_BY_NAME(SORT_BY_ALIGNMENT(.z_init_APPLICATION[1-9][0-9]_*)))
                0x0000000008003564                __init_SMP_start = .
 *(SORT_BY_NAME(SORT_BY_ALIGNMENT(.z_init_SMP[0-9]_*)))
 *(SORT_BY_NAME(SORT_BY_ALIGNMENT(.z_init_SMP[1-9][0-9]_*)))
                0x0000000008003564                __init_end = .

devices         0x0000000008003564      0x120
                0x0000000008003564                __device_start = .
                0x0000000008003564                __device_PRE_KERNEL_1_start = .
 *(SORT_BY_NAME(SORT_BY_ALIGNMENT(.z_device_PRE_KERNEL_1[0-9]_*)))
 .z_device_PRE_KERNEL_11_
                0x0000000008003564       0x18 zephyr/drivers/clock_control/libdrivers__clock_control.a(clock_stm32_ll_common.c.obj)
                0x0000000008003564                __device_dts_ord_8
 *(SORT_BY_NAME(SORT_BY_ALIGNMENT(.z_device_PRE_KERNEL_1[1-9][0-9]_*)))
 .z_device_PRE_KERNEL_140_
                0x000000000800357c       0xc0 zephyr/drivers/gpio/libdrivers__gpio.a(gpio_stm32.c.obj)
                0x000000000800357c                __device_dts_ord_95
                0x0000000008003594                __device_dts_ord_94
                0x00000000080035ac                __device_dts_ord_93
                0x00000000080035c4                __device_dts_ord_72
                0x00000000080035dc                __device_dts_ord_11
                0x00000000080035f4                __device_dts_ord_92
                0x000000000800360c                __device_dts_ord_91
                0x0000000008003624                __device_dts_ord_9
 .z_device_PRE_KERNEL_150_
                0x000000000800363c       0x18 zephyr/drivers/interrupt_controller/libdrivers__interrupt_controller.a(intc_exti_stm32.c.obj)
                0x000000000800363c                __device_dts_ord_48
 .z_device_PRE_KERNEL_155_
                0x0000000008003654       0x18 zephyr/drivers/serial/libdrivers__serial.a(uart_stm32.c.obj)
                0x0000000008003654                __device_dts_ord_52
                0x000000000800366c                __device_PRE_KERNEL_2_start = .
 *(SORT_BY_NAME(SORT_BY_ALIGNMENT(.z_device_PRE_KERNEL_2[0-9]_*)))
 .z_device_PRE_KERNEL_20_
                0x000000000800366c       0x18 zephyr/drivers/timer/libdrivers__timer.a(sys_clock_init.c.obj)
 *(SORT_BY_NAME(SORT_BY_ALIGNMENT(.z_device_PRE_KERNEL_2[1-9][0-9]_*)))
                0x0000000008003684                __device_POST_KERNEL_start = .
 *(SORT_BY_NAME(SORT_BY_ALIGNMENT(.z_device_POST_KERNEL[0-9]_*)))
 *(SORT_BY_NAME(SORT_BY_ALIGNMENT(.z_device_POST_KERNEL[1-9][0-9]_*)))
                0x0000000008003684                __device_APPLICATION_start = .
 *(SORT_BY_NAME(SORT_BY_ALIGNMENT(.z_device_APPLICATION[0-9]_*)))
 *(SORT_BY_NAME(SORT_BY_ALIGNMENT(.z_device_APPLICATION[1-9][0-9]_*)))
                0x0000000008003684                __device_SMP_start = .
 *(SORT_BY_NAME(SORT_BY_ALIGNMENT(.z_device_SMP[0-9]_*)))
 *(SORT_BY_NAME(SORT_BY_ALIGNMENT(.z_device_SMP[1-9][0-9]_*)))
                0x0000000008003684                __device_end = .

sw_isr_table    0x0000000008003684      0x2b0
                0x0000000008003684                . = ALIGN (0x0)
 *(SORT_BY_ALIGNMENT(.gnu.linkonce.sw_isr_table*))
 .gnu.linkonce.sw_isr_table
                0x0000000008003684      0x2b0 zephyr/CMakeFiles/zephyr_final.dir/isr_tables.c.obj
                0x0000000008003684                _sw_isr_table

initlevel_error
                0x00000000080034ec        0x0
 *(SORT_BY_NAME(SORT_BY_ALIGNMENT(.z_init_[_A-Z0-9]*)))
                0x0000000000000001                ASSERT ((SIZEOF (initlevel_error) == 0x0), Undefined initialization levels used.)

app_shmem_regions
                0x0000000008003934        0x0
                0x0000000008003934                __app_shmem_regions_start = .
 *(SORT_BY_NAME(SORT_BY_ALIGNMENT(.app_regions.*)))
                0x0000000008003934                __app_shmem_regions_end = .

bt_l2cap_fixed_chan_area
                0x0000000008003934        0x0
                0x0000000008003934                _bt_l2cap_fixed_chan_list_start = .
 *(SORT_BY_NAME(SORT_BY_ALIGNMENT(._bt_l2cap_fixed_chan.static.*)))
                0x0000000008003934                _bt_l2cap_fixed_chan_list_end = .

bt_gatt_service_static_area
                0x0000000008003934        0x0
                0x0000000008003934                _bt_gatt_service_static_list_start = .
 *(SORT_BY_NAME(SORT_BY_ALIGNMENT(._bt_gatt_service_static.static.*)))
                0x0000000008003934                _bt_gatt_service_static_list_end = .

k_p4wq_initparam_area
                0x0000000008003934        0x0
                0x0000000008003934                _k_p4wq_initparam_list_start = .
 *(SORT_BY_NAME(SORT_BY_ALIGNMENT(._k_p4wq_initparam.static.*)))
                0x0000000008003934                _k_p4wq_initparam_list_end = .

log_strings_sections
                0x0000000008003934        0x0
                0x0000000008003934                __log_strings_start = .
 *(SORT_BY_NAME(SORT_BY_ALIGNMENT(.log_strings*)))
                0x0000000008003934                __log_strings_end = .

log_const_sections
                0x0000000008003934        0x0
                0x0000000008003934                __log_const_start = .
 *(SORT_BY_NAME(SORT_BY_ALIGNMENT(.log_const_*)))
                0x0000000008003934                __log_const_end = .

log_backends_sections
                0x0000000008003934        0x0
                0x0000000008003934                __log_backends_start = .
 *(SORT_BY_ALIGNMENT(._log_backend.*))
                0x0000000008003934                __log_backends_end = .

shell_area      0x0000000008003934        0x0
                0x0000000008003934                _shell_list_start = .
 *(SORT_BY_NAME(SORT_BY_ALIGNMENT(._shell.static.*)))
                0x0000000008003934                _shell_list_end = .

shell_root_cmds_sections
                0x0000000008003934        0x0
                0x0000000008003934                __shell_root_cmds_start = .
 *(SORT_BY_NAME(SORT_BY_ALIGNMENT(.shell_root_cmd_*)))
                0x0000000008003934                __shell_root_cmds_end = .

font_entry_sections
                0x0000000008003934        0x0
                0x0000000008003934                __font_entry_start = .
 *(SORT_BY_NAME(SORT_BY_ALIGNMENT(._cfb_font.*)))
                0x0000000008003934                __font_entry_end = .

tracing_backend_area
                0x0000000008003934        0x0
                0x0000000008003934                _tracing_backend_list_start = .
 *(SORT_BY_NAME(SORT_BY_ALIGNMENT(._tracing_backend.static.*)))
                0x0000000008003934                _tracing_backend_list_end = .

zephyr_dbg_info
 *(SORT_BY_ALIGNMENT(.dbg_thread_info))

device_handles  0x0000000008003934       0x60
                0x0000000008003934                __device_handles_start = .
 *(SORT_BY_NAME(SORT_BY_ALIGNMENT(.__device_handles_pass2*)))
 .__device_handles_pass2
                0x0000000008003934       0x60 zephyr/CMakeFiles/zephyr_final.dir/dev_handles.c.obj
                0x0000000008003934                __devicehdl_sys_init_sys_clock_driver_init0
                0x0000000008003938                __devicehdl_DT_N_S_soc_S_serial_40004400
                0x0000000008003946                __devicehdl_DT_N_S_soc_S_interrupt_controller_40013c00
                0x000000000800394c                __devicehdl_DT_N_S_soc_S_pin_controller_40020000_S_gpio_40020000
                0x0000000008003954                __devicehdl_DT_N_S_soc_S_pin_controller_40020000_S_gpio_40020400
                0x000000000800395c                __devicehdl_DT_N_S_soc_S_pin_controller_40020000_S_gpio_40020800
                0x0000000008003964                __devicehdl_DT_N_S_soc_S_pin_controller_40020000_S_gpio_40020c00
                0x000000000800396c                __devicehdl_DT_N_S_soc_S_pin_controller_40020000_S_gpio_40021000
                0x0000000008003974                __devicehdl_DT_N_S_soc_S_pin_controller_40020000_S_gpio_40021400
                0x000000000800397c                __devicehdl_DT_N_S_soc_S_pin_controller_40020000_S_gpio_40021800
                0x0000000008003984                __devicehdl_DT_N_S_soc_S_pin_controller_40020000_S_gpio_40021c00
                0x000000000800398c                __devicehdl_DT_N_S_soc_S_rcc_40023800
                0x0000000008003994                __device_handles_end = .

rodata          0x0000000008003994      0x2dc
 *(SORT_BY_ALIGNMENT(.rodata))
 .rodata        0x0000000008003994       0x18 app/libapp.a(lcd.c.obj)
 .rodata        0x00000000080039ac        0x8 zephyr/drivers/gpio/libdrivers__gpio.a(gpio_stm32.c.obj)
 *(SORT_BY_ALIGNMENT(.rodata.*))
 .rodata.gpio_ports
                0x00000000080039b4       0x2c zephyr/libzephyr.a(pinmux_stm32.c.obj)
                0x00000000080039b4                gpio_ports
 .rodata.static_regions
                0x00000000080039e0        0xc zephyr/arch/arch/arm/core/aarch32/mpu/libarch__arm__core__aarch32__mpu.a(arm_core_mpu.c.obj)
 .rodata.mpu_config
                0x00000000080039ec        0x8 zephyr/soc/arm/common/cortex_m/libsoc__arm__common__cortex_m.a(arm_mpu_regions.c.obj)
                0x00000000080039ec                mpu_config
 .rodata.mpu_regions
                0x00000000080039f4       0x18 zephyr/soc/arm/common/cortex_m/libsoc__arm__common__cortex_m.a(arm_mpu_regions.c.obj)
 .rodata.gpio_stm32_cfg_a
                0x0000000008003a0c       0x14 zephyr/drivers/gpio/libdrivers__gpio.a(gpio_stm32.c.obj)
 .rodata.gpio_stm32_cfg_b
                0x0000000008003a20       0x14 zephyr/drivers/gpio/libdrivers__gpio.a(gpio_stm32.c.obj)
 .rodata.gpio_stm32_cfg_c
                0x0000000008003a34       0x14 zephyr/drivers/gpio/libdrivers__gpio.a(gpio_stm32.c.obj)
 .rodata.gpio_stm32_cfg_d
                0x0000000008003a48       0x14 zephyr/drivers/gpio/libdrivers__gpio.a(gpio_stm32.c.obj)
 .rodata.gpio_stm32_cfg_e
                0x0000000008003a5c       0x14 zephyr/drivers/gpio/libdrivers__gpio.a(gpio_stm32.c.obj)
 .rodata.gpio_stm32_cfg_f
                0x0000000008003a70       0x14 zephyr/drivers/gpio/libdrivers__gpio.a(gpio_stm32.c.obj)
 .rodata.gpio_stm32_cfg_g
                0x0000000008003a84       0x14 zephyr/drivers/gpio/libdrivers__gpio.a(gpio_stm32.c.obj)
 .rodata.gpio_stm32_cfg_h
                0x0000000008003a98       0x14 zephyr/drivers/gpio/libdrivers__gpio.a(gpio_stm32.c.obj)
 .rodata.gpio_stm32_driver
                0x0000000008003aac       0x24 zephyr/drivers/gpio/libdrivers__gpio.a(gpio_stm32.c.obj)
 .rodata.uart_pins_0
                0x0000000008003ad0       0x10 zephyr/drivers/serial/libdrivers__serial.a(uart_stm32.c.obj)
 .rodata.uart_stm32_cfg_0
                0x0000000008003ae0       0x24 zephyr/drivers/serial/libdrivers__serial.a(uart_stm32.c.obj)
 .rodata.uart_stm32_driver_api
                0x0000000008003b04       0x4c zephyr/drivers/serial/libdrivers__serial.a(uart_stm32.c.obj)
 .rodata.levels.0
                0x0000000008003b50       0x14 zephyr/kernel/libkernel.a(device.c.obj)
 .rodata._k_neg_eagain
                0x0000000008003b64        0x4 zephyr/kernel/libkernel.a(errno.c.obj)
                0x0000000008003b64                _k_neg_eagain
 .rodata.CSWTCH.185
                0x0000000008003b68        0x6 zephyr/drivers/serial/libdrivers__serial.a(uart_stm32.c.obj)
 .rodata.DHTgrab.str1.1
                0x0000000008003b6e        0x6 app/libapp.a(main.c.obj)
 .rodata.str1.1
                0x0000000008003b74        0x7 app/libapp.a(main.c.obj)
 .rodata.str    0x0000000008003b7b        0x6 app/libapp.a(main.c.obj)
                0x0000000008003b7b                str
 .rodata.str2   0x0000000008003b81        0x6 app/libapp.a(main.c.obj)
                0x0000000008003b81                str2
 .rodata.cbvprintf.str1.1
                0x0000000008003b87        0x6 zephyr/libzephyr.a(cbprintf_complete.c.obj)
 .rodata.str1.1
                0x0000000008003b8d        0xf zephyr/soc/arm/common/cortex_m/libsoc__arm__common__cortex_m.a(arm_mpu_regions.c.obj)
 .rodata.str1.1
                0x0000000008003b9c       0x1e zephyr/drivers/interrupt_controller/libdrivers__interrupt_controller.a(intc_exti_stm32.c.obj)
 .rodata.exti_irq_table
                0x0000000008003bba       0x17 zephyr/drivers/interrupt_controller/libdrivers__interrupt_controller.a(intc_exti_stm32.c.obj)
                0x0000000008003bba                exti_irq_table
 .rodata.str1.1
                0x0000000008003bd1        0xd zephyr/drivers/clock_control/libdrivers__clock_control.a(clock_stm32_ll_common.c.obj)
 .rodata.str1.1
                0x0000000008003bde       0x2a zephyr/drivers/gpio/libdrivers__gpio.a(gpio_stm32.c.obj)
                                         0x30 (size before relaxing)
 .rodata.str1.1
                0x0000000008003c08        0x7 zephyr/drivers/serial/libdrivers__serial.a(uart_stm32.c.obj)
 .rodata.str1.1
                0x0000000008003c0f        0xa zephyr/drivers/timer/libdrivers__timer.a(sys_clock_init.c.obj)
 .rodata.AHBPrescTable
                0x0000000008003c19       0x10 modules/stm32/stm32cube/lib..__modules__hal__stm32__stm32cube.a(system_stm32f4xx.c.obj)
                0x0000000008003c19                AHBPrescTable
 .rodata.z_cstart.str1.1
                0x0000000008003c29        0x5 zephyr/kernel/libkernel.a(init.c.obj)
 .rodata.boot_banner.str1.1
                0x0000000008003c2e       0x42 zephyr/kernel/libkernel.a(banner.c.obj)
                                         0x43 (size before relaxing)
 *(SORT_BY_ALIGNMENT(.gnu.linkonce.r.*))
                0x0000000008003c70                . = ALIGN (0x4)
                0x0000000008003c70                __rodata_region_end = .
                0x0000000008003c80                . = ALIGN (_region_min_align)
                0x0000000008004000                . = ALIGN ((0x1 << ((__rodata_region_end - __rom_region_start) <= 0x4)?0x2:((__rodata_region_end - __rom_region_start) <= 0x8)?0x3:((__rodata_region_end - __rom_region_start) <= 0x10)?0x4:((__rodata_region_end - __rom_region_start) <= 0x20)?0x5:((__rodata_region_end - __rom_region_start) <= 0x40)?0x6:((__rodata_region_end - __rom_region_start) <= 0x80)?0x7:((__rodata_region_end - __rom_region_start) <= 0x100)?0x8:((__rodata_region_end - __rom_region_start) <= 0x200)?0x9:((__rodata_region_end - __rom_region_start) <= 0x400)?0xa:((__rodata_region_end - __rom_region_start) <= 0x800)?0xb:((__rodata_region_end - __rom_region_start) <= 0x1000)?0xc:((__rodata_region_end - __rom_region_start) <= 0x2000)?0xd:((__rodata_region_end - __rom_region_start) <= 0x4000)?0xe:((__rodata_region_end - __rom_region_start) <= 0x8000)?0xf:((__rodata_region_end - __rom_region_start) <= 0x10000)?0x10:((__rodata_region_end - __rom_region_start) <= 0x20000)?0x11:((__rodata_region_end - __rom_region_start) <= 0x40000)?0x12:((__rodata_region_end - __rom_region_start) <= 0x80000)?0x13:((__rodata_region_end - __rom_region_start) <= 0x100000)?0x14:((__rodata_region_end - __rom_region_start) <= 0x200000)?0x15:((__rodata_region_end - __rom_region_start) <= 0x400000)?0x16:((__rodata_region_end - __rom_region_start) <= 0x800000)?0x17:((__rodata_region_end - __rom_region_start) <= 0x1000000)?0x18:((__rodata_region_end - __rom_region_start) <= 0x2000000)?0x19:((__rodata_region_end - __rom_region_start) <= 0x4000000)?0x1a:((__rodata_region_end - __rom_region_start) <= 0x8000000)?0x1b:((__rodata_region_end - __rom_region_start) <= 0x10000000)?0x1c:((__rodata_region_end - __rom_region_start) <= 0x20000000)?0x1d:((__rodata_region_end - __rom_region_start) <= 0x40000000)?0x1e:((__rodata_region_end - __rom_region_start) <= 0x80000000)?0x1f:0x20))
                0x0000000008004000                __rom_region_end = .
                0x0000000020000000                . = 0x20000000
                0x0000000020000000                . = ALIGN (_region_min_align)
                0x0000000020000000                _image_ram_start = .

.ramfunc        0x0000000020000000        0x0 load address 0x0000000008003c70
                0x0000000020000000                . = ALIGN (_region_min_align)
                0x0000000020000000                . = ALIGN ((0x1 << (__ramfunc_size <= 0x4)?0x2:(__ramfunc_size <= 0x8)?0x3:(__ramfunc_size <= 0x10)?0x4:(__ramfunc_size <= 0x20)?0x5:(__ramfunc_size <= 0x40)?0x6:(__ramfunc_size <= 0x80)?0x7:(__ramfunc_size <= 0x100)?0x8:(__ramfunc_size <= 0x200)?0x9:(__ramfunc_size <= 0x400)?0xa:(__ramfunc_size <= 0x800)?0xb:(__ramfunc_size <= 0x1000)?0xc:(__ramfunc_size <= 0x2000)?0xd:(__ramfunc_size <= 0x4000)?0xe:(__ramfunc_size <= 0x8000)?0xf:(__ramfunc_size <= 0x10000)?0x10:(__ramfunc_size <= 0x20000)?0x11:(__ramfunc_size <= 0x40000)?0x12:(__ramfunc_size <= 0x80000)?0x13:(__ramfunc_size <= 0x100000)?0x14:(__ramfunc_size <= 0x200000)?0x15:(__ramfunc_size <= 0x400000)?0x16:(__ramfunc_size <= 0x800000)?0x17:(__ramfunc_size <= 0x1000000)?0x18:(__ramfunc_size <= 0x2000000)?0x19:(__ramfunc_size <= 0x4000000)?0x1a:(__ramfunc_size <= 0x8000000)?0x1b:(__ramfunc_size <= 0x10000000)?0x1c:(__ramfunc_size <= 0x20000000)?0x1d:(__ramfunc_size <= 0x40000000)?0x1e:(__ramfunc_size <= 0x80000000)?0x1f:0x20))
                0x0000000020000000                __ramfunc_start = .
 *(SORT_BY_ALIGNMENT(.ramfunc))
 *(SORT_BY_ALIGNMENT(.ramfunc.*))
                0x0000000020000000                . = ALIGN (_region_min_align)
                0x0000000020000000                . = ALIGN ((0x1 << (__ramfunc_size <= 0x4)?0x2:(__ramfunc_size <= 0x8)?0x3:(__ramfunc_size <= 0x10)?0x4:(__ramfunc_size <= 0x20)?0x5:(__ramfunc_size <= 0x40)?0x6:(__ramfunc_size <= 0x80)?0x7:(__ramfunc_size <= 0x100)?0x8:(__ramfunc_size <= 0x200)?0x9:(__ramfunc_size <= 0x400)?0xa:(__ramfunc_size <= 0x800)?0xb:(__ramfunc_size <= 0x1000)?0xc:(__ramfunc_size <= 0x2000)?0xd:(__ramfunc_size <= 0x4000)?0xe:(__ramfunc_size <= 0x8000)?0xf:(__ramfunc_size <= 0x10000)?0x10:(__ramfunc_size <= 0x20000)?0x11:(__ramfunc_size <= 0x40000)?0x12:(__ramfunc_size <= 0x80000)?0x13:(__ramfunc_size <= 0x100000)?0x14:(__ramfunc_size <= 0x200000)?0x15:(__ramfunc_size <= 0x400000)?0x16:(__ramfunc_size <= 0x800000)?0x17:(__ramfunc_size <= 0x1000000)?0x18:(__ramfunc_size <= 0x2000000)?0x19:(__ramfunc_size <= 0x4000000)?0x1a:(__ramfunc_size <= 0x8000000)?0x1b:(__ramfunc_size <= 0x10000000)?0x1c:(__ramfunc_size <= 0x20000000)?0x1d:(__ramfunc_size <= 0x40000000)?0x1e:(__ramfunc_size <= 0x80000000)?0x1f:0x20))
                0x0000000020000000                __ramfunc_end = .
                0x0000000000000000                __ramfunc_size = (__ramfunc_end - __ramfunc_start)
                0x0000000008003c70                __ramfunc_load_start = LOADADDR (.ramfunc)

datas           0x0000000020000000       0x38 load address 0x0000000008003c70
                0x0000000020000000                __data_region_start = .
                0x0000000020000000                __data_start = .
 *(SORT_BY_ALIGNMENT(.data))
 *(SORT_BY_ALIGNMENT(.data.*))
 .data._char_out
                0x0000000020000000        0x4 zephyr/libzephyr.a(printk.c.obj)
                0x0000000020000000                _char_out
 .data._stdout_hook
                0x0000000020000004        0x4 zephyr/lib/libc/minimal/liblib__libc__minimal.a(stdout_console.c.obj)
 .data.stm32_clock_control_api
                0x0000000020000008       0x14 zephyr/drivers/clock_control/libdrivers__clock_control.a(clock_stm32_ll_common.c.obj)
 .data.uart_stm32_data_0
                0x000000002000001c       0x10 zephyr/drivers/serial/libdrivers__serial.a(uart_stm32.c.obj)
 .data.SystemCoreClock
                0x000000002000002c        0x4 modules/stm32/stm32cube/lib..__modules__hal__stm32__stm32cube.a(system_stm32f4xx.c.obj)
                0x000000002000002c                SystemCoreClock
 .data.timeout_list
                0x0000000020000030        0x8 zephyr/kernel/libkernel.a(timeout.c.obj)
 *(SORT_BY_ALIGNMENT(.kernel.*))
                0x0000000020000038                __data_end = .
                0x0000000000000038                __data_size = (__data_end - __data_start)
                0x0000000008003c70                __data_load_start = LOADADDR (datas)
                0x0000000008003c70                __data_region_load_start = LOADADDR (datas)

device_states   0x0000000020000038       0x30 load address 0x0000000008003ca8
                0x0000000020000038                __device_states_start = .
 *(SORT_BY_ALIGNMENT(.z_devstate))
 .z_devstate    0x0000000020000038        0x4 zephyr/drivers/interrupt_controller/libdrivers__interrupt_controller.a(intc_exti_stm32.c.obj)
 .z_devstate    0x000000002000003c        0x4 zephyr/drivers/clock_control/libdrivers__clock_control.a(clock_stm32_ll_common.c.obj)
 .z_devstate    0x0000000020000040       0x20 zephyr/drivers/gpio/libdrivers__gpio.a(gpio_stm32.c.obj)
 .z_devstate    0x0000000020000060        0x4 zephyr/drivers/serial/libdrivers__serial.a(uart_stm32.c.obj)
 .z_devstate    0x0000000020000064        0x4 zephyr/drivers/timer/libdrivers__timer.a(sys_clock_init.c.obj)
 *(SORT_BY_ALIGNMENT(.z_devstate.*))
                0x0000000020000068                __device_states_end = .

initshell       0x0000000020000068        0x0 load address 0x0000000008003cd8
                0x0000000020000068                __shell_module_start = .
 *(SORT_BY_ALIGNMENT(.shell_module_*))
                0x0000000020000068                __shell_module_end = .
                0x0000000020000068                __shell_cmd_start = .
 *(SORT_BY_ALIGNMENT(.shell_cmd_*))
                0x0000000020000068                __shell_cmd_end = .

log_dynamic_sections
                0x0000000020000068        0x0 load address 0x0000000008003cd8
                0x0000000020000068                __log_dynamic_start = .
 *(SORT_BY_NAME(SORT_BY_ALIGNMENT(.log_dynamic_*)))
                0x0000000020000068                __log_dynamic_end = .

_static_thread_data_area
                0x0000000020000068       0x30 load address 0x0000000008003cd8
                0x0000000020000068                __static_thread_data_list_start = .
 *(SORT_BY_NAME(SORT_BY_ALIGNMENT(.__static_thread_data.static.*)))
 .__static_thread_data.static._k_thread_data_dht_id
                0x0000000020000068       0x30 app/libapp.a(main.c.obj)
                0x0000000020000068                _k_thread_data_dht_id
                0x0000000020000098                __static_thread_data_list_end = .

k_timer_area    0x0000000020000098        0x0 load address 0x0000000008003d08
                0x0000000020000098                _k_timer_list_start = .
 *(SORT_BY_NAME(SORT_BY_ALIGNMENT(._k_timer.static.*)))
                0x0000000020000098                _k_timer_list_end = .

k_mem_slab_area
                0x0000000020000098        0x0 load address 0x0000000008003d08
                0x0000000020000098                _k_mem_slab_list_start = .
 *(SORT_BY_NAME(SORT_BY_ALIGNMENT(._k_mem_slab.static.*)))
                0x0000000020000098                _k_mem_slab_list_end = .

k_mem_pool_area
                0x0000000020000098        0x0 load address 0x0000000008003d08
                0x0000000020000098                _k_mem_pool_list_start = .
 *(SORT_BY_NAME(SORT_BY_ALIGNMENT(._k_mem_pool.static.*)))
                0x0000000020000098                _k_mem_pool_list_end = .

k_heap_area     0x0000000020000098        0x0 load address 0x0000000008003d08
                0x0000000020000098                _k_heap_list_start = .
 *(SORT_BY_NAME(SORT_BY_ALIGNMENT(._k_heap.static.*)))
                0x0000000020000098                _k_heap_list_end = .

k_mutex_area    0x0000000020000098        0x0 load address 0x0000000008003d08
                0x0000000020000098                _k_mutex_list_start = .
 *(SORT_BY_NAME(SORT_BY_ALIGNMENT(._k_mutex.static.*)))
                0x0000000020000098                _k_mutex_list_end = .

k_stack_area    0x0000000020000098        0x0 load address 0x0000000008003d08
                0x0000000020000098                _k_stack_list_start = .
 *(SORT_BY_NAME(SORT_BY_ALIGNMENT(._k_stack.static.*)))
                0x0000000020000098                _k_stack_list_end = .

k_msgq_area     0x0000000020000098        0x0 load address 0x0000000008003d08
                0x0000000020000098                _k_msgq_list_start = .
 *(SORT_BY_NAME(SORT_BY_ALIGNMENT(._k_msgq.static.*)))
                0x0000000020000098                _k_msgq_list_end = .

k_mbox_area     0x0000000020000098        0x0 load address 0x0000000008003d08
                0x0000000020000098                _k_mbox_list_start = .
 *(SORT_BY_NAME(SORT_BY_ALIGNMENT(._k_mbox.static.*)))
                0x0000000020000098                _k_mbox_list_end = .

k_pipe_area     0x0000000020000098        0x0 load address 0x0000000008003d08
                0x0000000020000098                _k_pipe_list_start = .
 *(SORT_BY_NAME(SORT_BY_ALIGNMENT(._k_pipe.static.*)))
                0x0000000020000098                _k_pipe_list_end = .

k_sem_area      0x0000000020000098        0x0 load address 0x0000000008003d08
                0x0000000020000098                _k_sem_list_start = .
 *(SORT_BY_NAME(SORT_BY_ALIGNMENT(._k_sem.static.*)))
                0x0000000020000098                _k_sem_list_end = .

k_event_area    0x0000000020000098        0x0 load address 0x0000000008003d08
                0x0000000020000098                _k_event_list_start = .
 *(SORT_BY_NAME(SORT_BY_ALIGNMENT(._k_event.static.*)))
                0x0000000020000098                _k_event_list_end = .

k_queue_area    0x0000000020000098        0x0 load address 0x0000000008003d08
                0x0000000020000098                _k_queue_list_start = .
 *(SORT_BY_NAME(SORT_BY_ALIGNMENT(._k_queue.static.*)))
                0x0000000020000098                _k_queue_list_end = .

k_condvar_area  0x0000000020000098        0x0 load address 0x0000000008003d08
                0x0000000020000098                _k_condvar_list_start = .
 *(SORT_BY_NAME(SORT_BY_ALIGNMENT(._k_condvar.static.*)))
                0x0000000020000098                _k_condvar_list_end = .

_net_buf_pool_area
                0x0000000020000098        0x0 load address 0x0000000008003d08
                0x0000000020000098                _net_buf_pool_list = .
 *(SORT_BY_NAME(SORT_BY_ALIGNMENT(._net_buf_pool.static.*)))
                0x0000000020000098                __data_region_end = .

bss             0x0000000020000098      0x316
                0x0000000020000098                . = ALIGN (0x4)
                0x0000000020000098                __bss_start = .
                0x0000000020000098                __kernel_ram_start = .
 *(SORT_BY_ALIGNMENT(.bss))
 *(SORT_BY_ALIGNMENT(.bss.*))
 .bss._k_thread_obj_dht_id
                0x0000000020000098       0x80 app/libapp.a(main.c.obj)
                0x0000000020000098                _k_thread_obj_dht_id
 .bss.z_idle_threads
                0x0000000020000118       0x80 zephyr/kernel/libkernel.a(init.c.obj)
                0x0000000020000118                z_idle_threads
 .bss.z_main_thread
                0x0000000020000198       0x80 zephyr/kernel/libkernel.a(init.c.obj)
                0x0000000020000198                z_main_thread
 .bss.curr_tick
                0x0000000020000218        0x8 zephyr/kernel/libkernel.a(timeout.c.obj)
 .bss.dynamic_regions.0
                0x0000000020000220        0xc zephyr/arch/arch/arm/core/aarch32/mpu/libarch__arm__core__aarch32__mpu.a(arm_core_mpu.c.obj)
 .bss.exti_data
                0x000000002000022c       0xb8 zephyr/drivers/interrupt_controller/libdrivers__interrupt_controller.a(intc_exti_stm32.c.obj)
 .bss.uart_console_dev
                0x00000000200002e4        0x4 zephyr/drivers/console/libdrivers__console.a(uart_console.c.obj)
 .bss.gpio_stm32_data_a
                0x00000000200002e8       0x10 zephyr/drivers/gpio/libdrivers__gpio.a(gpio_stm32.c.obj)
 .bss.gpio_stm32_data_b
                0x00000000200002f8       0x10 zephyr/drivers/gpio/libdrivers__gpio.a(gpio_stm32.c.obj)
 .bss.gpio_stm32_data_c
                0x0000000020000308       0x10 zephyr/drivers/gpio/libdrivers__gpio.a(gpio_stm32.c.obj)
 .bss.gpio_stm32_data_d
                0x0000000020000318       0x10 zephyr/drivers/gpio/libdrivers__gpio.a(gpio_stm32.c.obj)
 .bss.gpio_stm32_data_e
                0x0000000020000328       0x10 zephyr/drivers/gpio/libdrivers__gpio.a(gpio_stm32.c.obj)
 .bss.gpio_stm32_data_f
                0x0000000020000338       0x10 zephyr/drivers/gpio/libdrivers__gpio.a(gpio_stm32.c.obj)
 .bss.gpio_stm32_data_g
                0x0000000020000348       0x10 zephyr/drivers/gpio/libdrivers__gpio.a(gpio_stm32.c.obj)
 .bss.gpio_stm32_data_h
                0x0000000020000358       0x10 zephyr/drivers/gpio/libdrivers__gpio.a(gpio_stm32.c.obj)
 .bss.announced_cycles
                0x0000000020000368        0x4 zephyr/drivers/timer/libdrivers__timer.a(cortex_m_systick.c.obj)
 .bss.cycle_count
                0x000000002000036c        0x4 zephyr/drivers/timer/libdrivers__timer.a(cortex_m_systick.c.obj)
 .bss.last_load
                0x0000000020000370        0x4 zephyr/drivers/timer/libdrivers__timer.a(cortex_m_systick.c.obj)
 .bss.overflow_cyc
                0x0000000020000374        0x4 zephyr/drivers/timer/libdrivers__timer.a(cortex_m_systick.c.obj)
 .bss._kernel   0x0000000020000378       0x24 zephyr/kernel/libkernel.a(init.c.obj)
                0x0000000020000378                _kernel
 .bss.pending_current
                0x000000002000039c        0x4 zephyr/kernel/libkernel.a(sched.c.obj)
 .bss.slice_max_prio
                0x00000000200003a0        0x4 zephyr/kernel/libkernel.a(sched.c.obj)
 .bss.slice_time
                0x00000000200003a4        0x4 zephyr/kernel/libkernel.a(sched.c.obj)
 .bss.announce_remaining
                0x00000000200003a8        0x4 zephyr/kernel/libkernel.a(timeout.c.obj)
 .bss.static_regions_num
                0x00000000200003ac        0x1 zephyr/arch/arch/arm/core/aarch32/mpu/libarch__arm__core__aarch32__mpu.a(arm_mpu.c.obj)
 .bss.z_sys_post_kernel
                0x00000000200003ad        0x1 zephyr/kernel/libkernel.a(init.c.obj)
                0x00000000200003ad                z_sys_post_kernel
 .bss.sched_spinlock
                0x00000000200003ae        0x0 zephyr/kernel/libkernel.a(sched.c.obj)
                0x00000000200003ae                sched_spinlock
 *(SORT_BY_ALIGNMENT(COMMON))
 *(SORT_BY_ALIGNMENT(.kernel_bss.*))
                0x00000000200003b0                __bss_end = ALIGN (0x4)

noinit          0x00000000200003c0      0xe40
 *(SORT_BY_ALIGNMENT(.noinit))
 *(SORT_BY_ALIGNMENT(.noinit.*))
 .noinit."WEST_TOPDIR/Hydrolab/src/main.c".0
                0x00000000200003c0       0xa0 app/libapp.a(main.c.obj)
                0x00000000200003c0                _k_thread_stack_dht_id
 .noinit."WEST_TOPDIR/zephyr/kernel/init.c".0
                0x0000000020000460      0x420 zephyr/kernel/libkernel.a(init.c.obj)
                0x0000000020000460                z_main_stack
 .noinit."WEST_TOPDIR/zephyr/kernel/init.c".1
                0x0000000020000880      0x160 zephyr/kernel/libkernel.a(init.c.obj)
 .noinit."WEST_TOPDIR/zephyr/kernel/init.c".2
                0x00000000200009e0      0x820 zephyr/kernel/libkernel.a(init.c.obj)
                0x00000000200009e0                z_interrupt_stacks
 *(SORT_BY_ALIGNMENT(.kernel_noinit.*))
                0x0000000020001200                _image_ram_end = .
                0x0000000020001200                _end = .
                0x0000000020020000                __kernel_ram_end = 0x20020000
                0x000000000001ff68                __kernel_ram_size = (__kernel_ram_end - __kernel_ram_start)

.stab
 *(SORT_BY_ALIGNMENT(.stab))

.stabstr
 *(SORT_BY_ALIGNMENT(.stabstr))

.stab.excl
 *(SORT_BY_ALIGNMENT(.stab.excl))

.stab.exclstr
 *(SORT_BY_ALIGNMENT(.stab.exclstr))

.stab.index
 *(SORT_BY_ALIGNMENT(.stab.index))

.stab.indexstr
 *(SORT_BY_ALIGNMENT(.stab.indexstr))

.gnu.build.attributes
 *(SORT_BY_ALIGNMENT(.gnu.build.attributes) SORT_BY_ALIGNMENT(.gnu.build.attributes.*))

.comment        0x0000000000000000       0x2e
 *(SORT_BY_ALIGNMENT(.comment))
 .comment       0x0000000000000000       0x2e zephyr/CMakeFiles/zephyr_final.dir/isr_tables.c.obj
                                         0x2f (size before relaxing)
 .comment       0x000000000000002e       0x2f zephyr/CMakeFiles/zephyr_final.dir/dev_handles.c.obj
 .comment       0x000000000000002e       0x2f zephyr/CMakeFiles/offsets.dir/./arch/arm/core/offsets/offsets.c.obj
 .comment       0x000000000000002e       0x2f app/libapp.a(lcd.c.obj)
 .comment       0x000000000000002e       0x2f app/libapp.a(main.c.obj)
 .comment       0x000000000000002e       0x2f zephyr/libzephyr.a(printk.c.obj)
 .comment       0x000000000000002e       0x2f zephyr/libzephyr.a(thread_entry.c.obj)
 .comment       0x000000000000002e       0x2f zephyr/libzephyr.a(cbprintf_complete.c.obj)
 .comment       0x000000000000002e       0x2f zephyr/libzephyr.a(configs.c.obj)
 .comment       0x000000000000002e       0x2f zephyr/libzephyr.a(soc.c.obj)
 .comment       0x000000000000002e       0x2f zephyr/libzephyr.a(soc_config.c.obj)
 .comment       0x000000000000002e       0x2f zephyr/libzephyr.a(pinmux_stm32.c.obj)
 .comment       0x000000000000002e       0x2f zephyr/arch/arch/arm/core/aarch32/libarch__arm__core__aarch32.a(fatal.c.obj)
 .comment       0x000000000000002e       0x2f zephyr/arch/arch/arm/core/aarch32/libarch__arm__core__aarch32.a(irq_manage.c.obj)
 .comment       0x000000000000002e       0x2f zephyr/arch/arch/arm/core/aarch32/libarch__arm__core__aarch32.a(nmi.c.obj)
 .comment       0x000000000000002e       0x2f zephyr/arch/arch/arm/core/aarch32/libarch__arm__core__aarch32.a(prep_c.c.obj)
 .comment       0x000000000000002e       0x2f zephyr/arch/arch/arm/core/aarch32/libarch__arm__core__aarch32.a(swap.c.obj)
 .comment       0x000000000000002e       0x2f zephyr/arch/arch/arm/core/aarch32/libarch__arm__core__aarch32.a(thread.c.obj)
 .comment       0x000000000000002e       0x2f zephyr/arch/arch/arm/core/aarch32/cortex_m/libarch__arm__core__aarch32__cortex_m.a(fault.c.obj)
 .comment       0x000000000000002e       0x2f zephyr/arch/arch/arm/core/aarch32/cortex_m/libarch__arm__core__aarch32__cortex_m.a(irq_init.c.obj)
 .comment       0x000000000000002e       0x2f zephyr/arch/arch/arm/core/aarch32/cortex_m/libarch__arm__core__aarch32__cortex_m.a(thread_abort.c.obj)
 .comment       0x000000000000002e       0x2f zephyr/arch/arch/arm/core/aarch32/mpu/libarch__arm__core__aarch32__mpu.a(arm_core_mpu.c.obj)
 .comment       0x000000000000002e       0x2f zephyr/arch/arch/arm/core/aarch32/mpu/libarch__arm__core__aarch32__mpu.a(arm_mpu.c.obj)
 .comment       0x000000000000002e       0x2f zephyr/lib/libc/minimal/liblib__libc__minimal.a(string.c.obj)
 .comment       0x000000000000002e       0x2f zephyr/lib/libc/minimal/liblib__libc__minimal.a(stdout_console.c.obj)
 .comment       0x000000000000002e       0x2f zephyr/soc/arm/common/cortex_m/libsoc__arm__common__cortex_m.a(arm_mpu_regions.c.obj)
 .comment       0x000000000000002e       0x2f zephyr/drivers/interrupt_controller/libdrivers__interrupt_controller.a(intc_exti_stm32.c.obj)
 .comment       0x000000000000002e       0x2f zephyr/drivers/clock_control/libdrivers__clock_control.a(clock_stm32_ll_common.c.obj)
 .comment       0x000000000000002e       0x2f zephyr/drivers/clock_control/libdrivers__clock_control.a(clock_stm32f2_f4_f7.c.obj)
 .comment       0x000000000000002e       0x2f zephyr/drivers/console/libdrivers__console.a(uart_console.c.obj)
 .comment       0x000000000000002e       0x2f zephyr/drivers/gpio/libdrivers__gpio.a(gpio_stm32.c.obj)
 .comment       0x000000000000002e       0x2f zephyr/drivers/serial/libdrivers__serial.a(uart_stm32.c.obj)
 .comment       0x000000000000002e       0x2f zephyr/drivers/timer/libdrivers__timer.a(sys_clock_init.c.obj)
 .comment       0x000000000000002e       0x2f zephyr/drivers/timer/libdrivers__timer.a(cortex_m_systick.c.obj)
 .comment       0x000000000000002e       0x2f modules/stm32/stm32cube/lib..__modules__hal__stm32__stm32cube.a(system_stm32f4xx.c.obj)
 .comment       0x000000000000002e       0x2f modules/stm32/stm32cube/lib..__modules__hal__stm32__stm32cube.a(stm32f4xx_ll_utils.c.obj)
 .comment       0x000000000000002e       0x2f zephyr/kernel/libkernel.a(device.c.obj)
 .comment       0x000000000000002e       0x2f zephyr/kernel/libkernel.a(errno.c.obj)
 .comment       0x000000000000002e       0x2f zephyr/kernel/libkernel.a(fatal.c.obj)
 .comment       0x000000000000002e       0x2f zephyr/kernel/libkernel.a(init.c.obj)
 .comment       0x000000000000002e       0x2f zephyr/kernel/libkernel.a(thread.c.obj)
 .comment       0x000000000000002e       0x2f zephyr/kernel/libkernel.a(idle.c.obj)
 .comment       0x000000000000002e       0x2f zephyr/kernel/libkernel.a(sched.c.obj)
 .comment       0x000000000000002e       0x2f zephyr/kernel/libkernel.a(xip.c.obj)
 .comment       0x000000000000002e       0x2f zephyr/kernel/libkernel.a(timeout.c.obj)
 .comment       0x000000000000002e       0x2f zephyr/kernel/libkernel.a(banner.c.obj)

.debug
 *(SORT_BY_ALIGNMENT(.debug))

.line
 *(SORT_BY_ALIGNMENT(.line))

.debug_srcinfo
 *(SORT_BY_ALIGNMENT(.debug_srcinfo))

.debug_sfnames
 *(SORT_BY_ALIGNMENT(.debug_sfnames))

.debug_aranges  0x0000000000000000      0xe48
 *(SORT_BY_ALIGNMENT(.debug_aranges))
 .debug_aranges
                0x0000000000000000       0x30 zephyr/arch/arch/arm/core/aarch32/libarch__arm__core__aarch32.a(cpu_idle.S.obj)
 .debug_aranges
                0x0000000000000030       0x20 zephyr/arch/arch/arm/core/aarch32/libarch__arm__core__aarch32.a(nmi_on_reset.S.obj)
 .debug_aranges
                0x0000000000000050       0x28 zephyr/arch/arch/arm/core/aarch32/libarch__arm__core__aarch32.a(swap_helper.S.obj)
 .debug_aranges
                0x0000000000000078       0x20 zephyr/arch/arch/arm/core/aarch32/libarch__arm__core__aarch32.a(isr_wrapper.S.obj)
 .debug_aranges
                0x0000000000000098       0x20 zephyr/arch/arch/arm/core/aarch32/cortex_m/libarch__arm__core__aarch32__cortex_m.a(exc_exit.S.obj)
 .debug_aranges
                0x00000000000000b8       0x20 zephyr/arch/arch/arm/core/aarch32/cortex_m/libarch__arm__core__aarch32__cortex_m.a(fault_s.S.obj)
 .debug_aranges
                0x00000000000000d8       0x20 zephyr/arch/arch/arm/core/aarch32/cortex_m/libarch__arm__core__aarch32__cortex_m.a(reset.S.obj)
 .debug_aranges
                0x00000000000000f8       0x18 zephyr/CMakeFiles/zephyr_final.dir/isr_tables.c.obj
 .debug_aranges
                0x0000000000000110       0x18 zephyr/CMakeFiles/zephyr_final.dir/dev_handles.c.obj
 .debug_aranges
                0x0000000000000128       0x20 zephyr/CMakeFiles/offsets.dir/./arch/arm/core/offsets/offsets.c.obj
 .debug_aranges
                0x0000000000000148       0x70 app/libapp.a(lcd.c.obj)
 .debug_aranges
                0x00000000000001b8       0x28 app/libapp.a(main.c.obj)
 .debug_aranges
                0x00000000000001e0       0x68 zephyr/libzephyr.a(printk.c.obj)
 .debug_aranges
                0x0000000000000248       0x20 zephyr/libzephyr.a(thread_entry.c.obj)
 .debug_aranges
                0x0000000000000268       0x30 zephyr/libzephyr.a(cbprintf_complete.c.obj)
 .debug_aranges
                0x0000000000000298       0x20 zephyr/libzephyr.a(configs.c.obj)
 .debug_aranges
                0x00000000000002b8       0x20 zephyr/libzephyr.a(soc.c.obj)
 .debug_aranges
                0x00000000000002d8       0x20 zephyr/libzephyr.a(soc_config.c.obj)
 .debug_aranges
                0x00000000000002f8       0x20 zephyr/libzephyr.a(pinmux_stm32.c.obj)
 .debug_aranges
                0x0000000000000318       0x30 zephyr/arch/arch/arm/core/aarch32/libarch__arm__core__aarch32.a(fatal.c.obj)
 .debug_aranges
                0x0000000000000348       0x40 zephyr/arch/arch/arm/core/aarch32/libarch__arm__core__aarch32.a(irq_manage.c.obj)
 .debug_aranges
                0x0000000000000388       0x20 zephyr/arch/arch/arm/core/aarch32/libarch__arm__core__aarch32.a(nmi.c.obj)
 .debug_aranges
                0x00000000000003a8       0x20 zephyr/arch/arch/arm/core/aarch32/libarch__arm__core__aarch32.a(prep_c.c.obj)
 .debug_aranges
                0x00000000000003c8       0x20 zephyr/arch/arch/arm/core/aarch32/libarch__arm__core__aarch32.a(swap.c.obj)
 .debug_aranges
                0x00000000000003e8       0x30 zephyr/arch/arch/arm/core/aarch32/libarch__arm__core__aarch32.a(thread.c.obj)
 .debug_aranges
                0x0000000000000418       0x38 zephyr/arch/arch/arm/core/aarch32/cortex_m/libarch__arm__core__aarch32__cortex_m.a(fault.c.obj)
 .debug_aranges
                0x0000000000000450       0x20 zephyr/arch/arch/arm/core/aarch32/cortex_m/libarch__arm__core__aarch32__cortex_m.a(irq_init.c.obj)
 .debug_aranges
                0x0000000000000470       0x20 zephyr/arch/arch/arm/core/aarch32/cortex_m/libarch__arm__core__aarch32__cortex_m.a(thread_abort.c.obj)
 .debug_aranges
                0x0000000000000490       0x28 zephyr/arch/arch/arm/core/aarch32/mpu/libarch__arm__core__aarch32__mpu.a(arm_core_mpu.c.obj)
 .debug_aranges
                0x00000000000004b8       0x48 zephyr/arch/arch/arm/core/aarch32/mpu/libarch__arm__core__aarch32__mpu.a(arm_mpu.c.obj)
 .debug_aranges
                0x0000000000000500       0x98 zephyr/lib/libc/minimal/liblib__libc__minimal.a(string.c.obj)
 .debug_aranges
                0x0000000000000598       0x58 zephyr/lib/libc/minimal/liblib__libc__minimal.a(stdout_console.c.obj)
 .debug_aranges
                0x00000000000005f0       0x18 zephyr/soc/arm/common/cortex_m/libsoc__arm__common__cortex_m.a(arm_mpu_regions.c.obj)
 .debug_aranges
                0x0000000000000608       0xa8 zephyr/drivers/interrupt_controller/libdrivers__interrupt_controller.a(intc_exti_stm32.c.obj)
 .debug_aranges
                0x00000000000006b0       0x38 zephyr/drivers/clock_control/libdrivers__clock_control.a(clock_stm32_ll_common.c.obj)
 .debug_aranges
                0x00000000000006e8       0x30 zephyr/drivers/clock_control/libdrivers__clock_control.a(clock_stm32f2_f4_f7.c.obj)
 .debug_aranges
                0x0000000000000718       0x30 zephyr/drivers/console/libdrivers__console.a(uart_console.c.obj)
 .debug_aranges
                0x0000000000000748       0x80 zephyr/drivers/gpio/libdrivers__gpio.a(gpio_stm32.c.obj)
 .debug_aranges
                0x00000000000007c8       0xd8 zephyr/drivers/serial/libdrivers__serial.a(uart_stm32.c.obj)
 .debug_aranges
                0x00000000000008a0       0x40 zephyr/drivers/timer/libdrivers__timer.a(sys_clock_init.c.obj)
 .debug_aranges
                0x00000000000008e0       0x58 zephyr/drivers/timer/libdrivers__timer.a(cortex_m_systick.c.obj)
 .debug_aranges
                0x0000000000000938       0x28 modules/stm32/stm32cube/lib..__modules__hal__stm32__stm32cube.a(system_stm32f4xx.c.obj)
 .debug_aranges
                0x0000000000000960       0x58 modules/stm32/stm32cube/lib..__modules__hal__stm32__stm32cube.a(stm32f4xx_ll_utils.c.obj)
 .debug_aranges
                0x00000000000009b8       0x48 zephyr/kernel/libkernel.a(device.c.obj)
 .debug_aranges
                0x0000000000000a00       0x20 zephyr/kernel/libkernel.a(errno.c.obj)
 .debug_aranges
                0x0000000000000a20       0x58 zephyr/kernel/libkernel.a(fatal.c.obj)
 .debug_aranges
                0x0000000000000a78       0x40 zephyr/kernel/libkernel.a(init.c.obj)
 .debug_aranges
                0x0000000000000ab8       0xa0 zephyr/kernel/libkernel.a(thread.c.obj)
 .debug_aranges
                0x0000000000000b58       0x28 zephyr/kernel/libkernel.a(idle.c.obj)
 .debug_aranges
                0x0000000000000b80      0x1f0 zephyr/kernel/libkernel.a(sched.c.obj)
 .debug_aranges
                0x0000000000000d70       0x20 zephyr/kernel/libkernel.a(xip.c.obj)
 .debug_aranges
                0x0000000000000d90       0x98 zephyr/kernel/libkernel.a(timeout.c.obj)
 .debug_aranges
                0x0000000000000e28       0x20 zephyr/kernel/libkernel.a(banner.c.obj)

.debug_pubnames
 *(SORT_BY_ALIGNMENT(.debug_pubnames))

.debug_info     0x0000000000000000    0x2df51
 *(SORT_BY_ALIGNMENT(.debug_info) SORT_BY_ALIGNMENT(.gnu.linkonce.wi.*))
 .debug_info    0x0000000000000000      0x125 zephyr/CMakeFiles/zephyr_final.dir/isr_tables.c.obj
 .debug_info    0x0000000000000125      0x244 zephyr/CMakeFiles/zephyr_final.dir/dev_handles.c.obj
 .debug_info    0x0000000000000369       0x93 zephyr/CMakeFiles/offsets.dir/./arch/arm/core/offsets/offsets.c.obj
 .debug_info    0x00000000000003fc     0x1256 app/libapp.a(lcd.c.obj)
 .debug_info    0x0000000000001652     0x1416 app/libapp.a(main.c.obj)
 .debug_info    0x0000000000002a68      0x512 zephyr/libzephyr.a(printk.c.obj)
 .debug_info    0x0000000000002f7a      0x615 zephyr/libzephyr.a(thread_entry.c.obj)
 .debug_info    0x000000000000358f     0x1044 zephyr/libzephyr.a(cbprintf_complete.c.obj)
 .debug_info    0x00000000000045d3       0x38 zephyr/libzephyr.a(configs.c.obj)
 .debug_info    0x000000000000460b      0x3d8 zephyr/libzephyr.a(soc.c.obj)
 .debug_info    0x00000000000049e3      0x262 zephyr/libzephyr.a(soc_config.c.obj)
 .debug_info    0x0000000000004c45      0x570 zephyr/libzephyr.a(pinmux_stm32.c.obj)
 .debug_info    0x00000000000051b5       0x22 zephyr/arch/arch/arm/core/aarch32/libarch__arm__core__aarch32.a(cpu_idle.S.obj)
 .debug_info    0x00000000000051d7     0x1b0a zephyr/arch/arch/arm/core/aarch32/libarch__arm__core__aarch32.a(fatal.c.obj)
 .debug_info    0x0000000000006ce1      0x7a0 zephyr/arch/arch/arm/core/aarch32/libarch__arm__core__aarch32.a(irq_manage.c.obj)
 .debug_info    0x0000000000007481       0xc2 zephyr/arch/arch/arm/core/aarch32/libarch__arm__core__aarch32.a(nmi.c.obj)
 .debug_info    0x0000000000007543       0x26 zephyr/arch/arch/arm/core/aarch32/libarch__arm__core__aarch32.a(nmi_on_reset.S.obj)
 .debug_info    0x0000000000007569      0x400 zephyr/arch/arch/arm/core/aarch32/libarch__arm__core__aarch32.a(prep_c.c.obj)
 .debug_info    0x0000000000007969      0x7c8 zephyr/arch/arch/arm/core/aarch32/libarch__arm__core__aarch32.a(swap.c.obj)
 .debug_info    0x0000000000008131       0x22 zephyr/arch/arch/arm/core/aarch32/libarch__arm__core__aarch32.a(swap_helper.S.obj)
 .debug_info    0x0000000000008153      0x8a8 zephyr/arch/arch/arm/core/aarch32/libarch__arm__core__aarch32.a(thread.c.obj)
 .debug_info    0x00000000000089fb       0x26 zephyr/arch/arch/arm/core/aarch32/libarch__arm__core__aarch32.a(isr_wrapper.S.obj)
 .debug_info    0x0000000000008a21       0x26 zephyr/arch/arch/arm/core/aarch32/cortex_m/libarch__arm__core__aarch32__cortex_m.a(exc_exit.S.obj)
 .debug_info    0x0000000000008a47     0x756d zephyr/arch/arch/arm/core/aarch32/cortex_m/libarch__arm__core__aarch32__cortex_m.a(fault.c.obj)
 .debug_info    0x000000000000ffb4       0x26 zephyr/arch/arch/arm/core/aarch32/cortex_m/libarch__arm__core__aarch32__cortex_m.a(fault_s.S.obj)
 .debug_info    0x000000000000ffda      0x5ad zephyr/arch/arch/arm/core/aarch32/cortex_m/libarch__arm__core__aarch32__cortex_m.a(irq_init.c.obj)
 .debug_info    0x0000000000010587       0x26 zephyr/arch/arch/arm/core/aarch32/cortex_m/libarch__arm__core__aarch32__cortex_m.a(reset.S.obj)
 .debug_info    0x00000000000105ad      0x802 zephyr/arch/arch/arm/core/aarch32/cortex_m/libarch__arm__core__aarch32__cortex_m.a(thread_abort.c.obj)
 .debug_info    0x0000000000010daf      0x6db zephyr/arch/arch/arm/core/aarch32/mpu/libarch__arm__core__aarch32__mpu.a(arm_core_mpu.c.obj)
 .debug_info    0x000000000001148a     0x2690 zephyr/arch/arch/arm/core/aarch32/mpu/libarch__arm__core__aarch32__mpu.a(arm_mpu.c.obj)
 .debug_info    0x0000000000013b1a      0x730 zephyr/lib/libc/minimal/liblib__libc__minimal.a(string.c.obj)
 .debug_info    0x000000000001424a      0x694 zephyr/lib/libc/minimal/liblib__libc__minimal.a(stdout_console.c.obj)
 .debug_info    0x00000000000148de      0x16a zephyr/soc/arm/common/cortex_m/libsoc__arm__common__cortex_m.a(arm_mpu_regions.c.obj)
 .debug_info    0x0000000000014a48     0x121a zephyr/drivers/interrupt_controller/libdrivers__interrupt_controller.a(intc_exti_stm32.c.obj)
 .debug_info    0x0000000000015c62      0xdb6 zephyr/drivers/clock_control/libdrivers__clock_control.a(clock_stm32_ll_common.c.obj)
 .debug_info    0x0000000000016a18      0x36c zephyr/drivers/clock_control/libdrivers__clock_control.a(clock_stm32f2_f4_f7.c.obj)
 .debug_info    0x0000000000016d84      0x9dc zephyr/drivers/console/libdrivers__console.a(uart_console.c.obj)
 .debug_info    0x0000000000017760     0x29d7 zephyr/drivers/gpio/libdrivers__gpio.a(gpio_stm32.c.obj)
 .debug_info    0x000000000001a137     0x3b09 zephyr/drivers/serial/libdrivers__serial.a(uart_stm32.c.obj)
 .debug_info    0x000000000001dc40      0x3b7 zephyr/drivers/timer/libdrivers__timer.a(sys_clock_init.c.obj)
 .debug_info    0x000000000001dff7      0xcdd zephyr/drivers/timer/libdrivers__timer.a(cortex_m_systick.c.obj)
 .debug_info    0x000000000001ecd4      0x38a modules/stm32/stm32cube/lib..__modules__hal__stm32__stm32cube.a(system_stm32f4xx.c.obj)
 .debug_info    0x000000000001f05e      0xd2b modules/stm32/stm32cube/lib..__modules__hal__stm32__stm32cube.a(stm32f4xx_ll_utils.c.obj)
 .debug_info    0x000000000001fd89      0x63e zephyr/kernel/libkernel.a(device.c.obj)
 .debug_info    0x00000000000203c7      0x638 zephyr/kernel/libkernel.a(errno.c.obj)
 .debug_info    0x00000000000209ff     0x1eb6 zephyr/kernel/libkernel.a(fatal.c.obj)
 .debug_info    0x00000000000228b5     0x1330 zephyr/kernel/libkernel.a(init.c.obj)
 .debug_info    0x0000000000023be5     0x2158 zephyr/kernel/libkernel.a(thread.c.obj)
 .debug_info    0x0000000000025d3d      0x248 zephyr/kernel/libkernel.a(idle.c.obj)
 .debug_info    0x0000000000025f85     0x6257 zephyr/kernel/libkernel.a(sched.c.obj)
 .debug_info    0x000000000002c1dc      0x118 zephyr/kernel/libkernel.a(xip.c.obj)
 .debug_info    0x000000000002c2f4     0x1b5e zephyr/kernel/libkernel.a(timeout.c.obj)
 .debug_info    0x000000000002de52       0xff zephyr/kernel/libkernel.a(banner.c.obj)

.debug_abbrev   0x0000000000000000     0x7ac8
 *(SORT_BY_ALIGNMENT(.debug_abbrev))
 .debug_abbrev  0x0000000000000000       0xd2 zephyr/CMakeFiles/zephyr_final.dir/isr_tables.c.obj
 .debug_abbrev  0x00000000000000d2       0x82 zephyr/CMakeFiles/zephyr_final.dir/dev_handles.c.obj
 .debug_abbrev  0x0000000000000154       0x44 zephyr/CMakeFiles/offsets.dir/./arch/arm/core/offsets/offsets.c.obj
 .debug_abbrev  0x0000000000000198      0x39e app/libapp.a(lcd.c.obj)
 .debug_abbrev  0x0000000000000536      0x430 app/libapp.a(main.c.obj)
 .debug_abbrev  0x0000000000000966      0x260 zephyr/libzephyr.a(printk.c.obj)
 .debug_abbrev  0x0000000000000bc6      0x239 zephyr/libzephyr.a(thread_entry.c.obj)
 .debug_abbrev  0x0000000000000dff      0x40a zephyr/libzephyr.a(cbprintf_complete.c.obj)
 .debug_abbrev  0x0000000000001209       0x2e zephyr/libzephyr.a(configs.c.obj)
 .debug_abbrev  0x0000000000001237      0x24a zephyr/libzephyr.a(soc.c.obj)
 .debug_abbrev  0x0000000000001481      0x144 zephyr/libzephyr.a(soc_config.c.obj)
 .debug_abbrev  0x00000000000015c5      0x296 zephyr/libzephyr.a(pinmux_stm32.c.obj)
 .debug_abbrev  0x000000000000185b       0x12 zephyr/arch/arch/arm/core/aarch32/libarch__arm__core__aarch32.a(cpu_idle.S.obj)
 .debug_abbrev  0x000000000000186d      0x304 zephyr/arch/arch/arm/core/aarch32/libarch__arm__core__aarch32.a(fatal.c.obj)
 .debug_abbrev  0x0000000000001b71      0x23a zephyr/arch/arch/arm/core/aarch32/libarch__arm__core__aarch32.a(irq_manage.c.obj)
 .debug_abbrev  0x0000000000001dab       0x72 zephyr/arch/arch/arm/core/aarch32/libarch__arm__core__aarch32.a(nmi.c.obj)
 .debug_abbrev  0x0000000000001e1d       0x14 zephyr/arch/arch/arm/core/aarch32/libarch__arm__core__aarch32.a(nmi_on_reset.S.obj)
 .debug_abbrev  0x0000000000001e31      0x1d9 zephyr/arch/arch/arm/core/aarch32/libarch__arm__core__aarch32.a(prep_c.c.obj)
 .debug_abbrev  0x000000000000200a      0x1d9 zephyr/arch/arch/arm/core/aarch32/libarch__arm__core__aarch32.a(swap.c.obj)
 .debug_abbrev  0x00000000000021e3       0x12 zephyr/arch/arch/arm/core/aarch32/libarch__arm__core__aarch32.a(swap_helper.S.obj)
 .debug_abbrev  0x00000000000021f5      0x252 zephyr/arch/arch/arm/core/aarch32/libarch__arm__core__aarch32.a(thread.c.obj)
 .debug_abbrev  0x0000000000002447       0x14 zephyr/arch/arch/arm/core/aarch32/libarch__arm__core__aarch32.a(isr_wrapper.S.obj)
 .debug_abbrev  0x000000000000245b       0x14 zephyr/arch/arch/arm/core/aarch32/cortex_m/libarch__arm__core__aarch32__cortex_m.a(exc_exit.S.obj)
 .debug_abbrev  0x000000000000246f      0x442 zephyr/arch/arch/arm/core/aarch32/cortex_m/libarch__arm__core__aarch32__cortex_m.a(fault.c.obj)
 .debug_abbrev  0x00000000000028b1       0x14 zephyr/arch/arch/arm/core/aarch32/cortex_m/libarch__arm__core__aarch32__cortex_m.a(fault_s.S.obj)
 .debug_abbrev  0x00000000000028c5      0x168 zephyr/arch/arch/arm/core/aarch32/cortex_m/libarch__arm__core__aarch32__cortex_m.a(irq_init.c.obj)
 .debug_abbrev  0x0000000000002a2d       0x14 zephyr/arch/arch/arm/core/aarch32/cortex_m/libarch__arm__core__aarch32__cortex_m.a(reset.S.obj)
 .debug_abbrev  0x0000000000002a41      0x225 zephyr/arch/arch/arm/core/aarch32/cortex_m/libarch__arm__core__aarch32__cortex_m.a(thread_abort.c.obj)
 .debug_abbrev  0x0000000000002c66      0x1ff zephyr/arch/arch/arm/core/aarch32/mpu/libarch__arm__core__aarch32__mpu.a(arm_core_mpu.c.obj)
 .debug_abbrev  0x0000000000002e65      0x42f zephyr/arch/arch/arm/core/aarch32/mpu/libarch__arm__core__aarch32__mpu.a(arm_mpu.c.obj)
 .debug_abbrev  0x0000000000003294      0x171 zephyr/lib/libc/minimal/liblib__libc__minimal.a(string.c.obj)
 .debug_abbrev  0x0000000000003405      0x25a zephyr/lib/libc/minimal/liblib__libc__minimal.a(stdout_console.c.obj)
 .debug_abbrev  0x000000000000365f       0xac zephyr/soc/arm/common/cortex_m/libsoc__arm__common__cortex_m.a(arm_mpu_regions.c.obj)
 .debug_abbrev  0x000000000000370b      0x4a4 zephyr/drivers/interrupt_controller/libdrivers__interrupt_controller.a(intc_exti_stm32.c.obj)
 .debug_abbrev  0x0000000000003baf      0x41c zephyr/drivers/clock_control/libdrivers__clock_control.a(clock_stm32_ll_common.c.obj)
 .debug_abbrev  0x0000000000003fcb      0x161 zephyr/drivers/clock_control/libdrivers__clock_control.a(clock_stm32f2_f4_f7.c.obj)
 .debug_abbrev  0x000000000000412c      0x3cf zephyr/drivers/console/libdrivers__console.a(uart_console.c.obj)
 .debug_abbrev  0x00000000000044fb      0x52c zephyr/drivers/gpio/libdrivers__gpio.a(gpio_stm32.c.obj)
 .debug_abbrev  0x0000000000004a27      0x586 zephyr/drivers/serial/libdrivers__serial.a(uart_stm32.c.obj)
 .debug_abbrev  0x0000000000004fad      0x215 zephyr/drivers/timer/libdrivers__timer.a(sys_clock_init.c.obj)
 .debug_abbrev  0x00000000000051c2      0x3cf zephyr/drivers/timer/libdrivers__timer.a(cortex_m_systick.c.obj)
 .debug_abbrev  0x0000000000005591      0x119 modules/stm32/stm32cube/lib..__modules__hal__stm32__stm32cube.a(system_stm32f4xx.c.obj)